Archive member included to satisfy reference by file (symbol)

C:/ST/STM32CubeIDE_1.16.1/STM32CubeIDE/plugins/com.st.stm32cube.ide.mcu.externaltools.gnu-tools-for-stm32.12.3.rel1.win32_1.1.0.202410251130/tools/bin/../lib/gcc/arm-none-eabi/12.3.1/../../../../arm-none-eabi/lib/thumb/v7e-m+fp/hard\libc_nano.a(libc_a-exit.o)
                              C:/ST/STM32CubeIDE_1.16.1/STM32CubeIDE/plugins/com.st.stm32cube.ide.mcu.externaltools.gnu-tools-for-stm32.12.3.rel1.win32_1.1.0.202410251130/tools/bin/../lib/gcc/arm-none-eabi/12.3.1/../../../../arm-none-eabi/lib/thumb/v7e-m+fp/hard/crt0.o (exit)
C:/ST/STM32CubeIDE_1.16.1/STM32CubeIDE/plugins/com.st.stm32cube.ide.mcu.externaltools.gnu-tools-for-stm32.12.3.rel1.win32_1.1.0.202410251130/tools/bin/../lib/gcc/arm-none-eabi/12.3.1/../../../../arm-none-eabi/lib/thumb/v7e-m+fp/hard\libc_nano.a(libc_a-findfp.o)
                              C:/ST/STM32CubeIDE_1.16.1/STM32CubeIDE/plugins/com.st.stm32cube.ide.mcu.externaltools.gnu-tools-for-stm32.12.3.rel1.win32_1.1.0.202410251130/tools/bin/../lib/gcc/arm-none-eabi/12.3.1/../../../../arm-none-eabi/lib/thumb/v7e-m+fp/hard\libc_nano.a(libc_a-exit.o) (__stdio_exit_handler)
C:/ST/STM32CubeIDE_1.16.1/STM32CubeIDE/plugins/com.st.stm32cube.ide.mcu.externaltools.gnu-tools-for-stm32.12.3.rel1.win32_1.1.0.202410251130/tools/bin/../lib/gcc/arm-none-eabi/12.3.1/../../../../arm-none-eabi/lib/thumb/v7e-m+fp/hard\libc_nano.a(libc_a-fwalk.o)
                              C:/ST/STM32CubeIDE_1.16.1/STM32CubeIDE/plugins/com.st.stm32cube.ide.mcu.externaltools.gnu-tools-for-stm32.12.3.rel1.win32_1.1.0.202410251130/tools/bin/../lib/gcc/arm-none-eabi/12.3.1/../../../../arm-none-eabi/lib/thumb/v7e-m+fp/hard\libc_nano.a(libc_a-findfp.o) (_fwalk_sglue)
C:/ST/STM32CubeIDE_1.16.1/STM32CubeIDE/plugins/com.st.stm32cube.ide.mcu.externaltools.gnu-tools-for-stm32.12.3.rel1.win32_1.1.0.202410251130/tools/bin/../lib/gcc/arm-none-eabi/12.3.1/../../../../arm-none-eabi/lib/thumb/v7e-m+fp/hard\libc_nano.a(libc_a-puts.o)
                              ./Core/Src/main.o (puts)
C:/ST/STM32CubeIDE_1.16.1/STM32CubeIDE/plugins/com.st.stm32cube.ide.mcu.externaltools.gnu-tools-for-stm32.12.3.rel1.win32_1.1.0.202410251130/tools/bin/../lib/gcc/arm-none-eabi/12.3.1/../../../../arm-none-eabi/lib/thumb/v7e-m+fp/hard\libc_nano.a(libc_a-stdio.o)
                              C:/ST/STM32CubeIDE_1.16.1/STM32CubeIDE/plugins/com.st.stm32cube.ide.mcu.externaltools.gnu-tools-for-stm32.12.3.rel1.win32_1.1.0.202410251130/tools/bin/../lib/gcc/arm-none-eabi/12.3.1/../../../../arm-none-eabi/lib/thumb/v7e-m+fp/hard\libc_nano.a(libc_a-findfp.o) (__sread)
C:/ST/STM32CubeIDE_1.16.1/STM32CubeIDE/plugins/com.st.stm32cube.ide.mcu.externaltools.gnu-tools-for-stm32.12.3.rel1.win32_1.1.0.202410251130/tools/bin/../lib/gcc/arm-none-eabi/12.3.1/../../../../arm-none-eabi/lib/thumb/v7e-m+fp/hard\libc_nano.a(libc_a-wbuf.o)
                              C:/ST/STM32CubeIDE_1.16.1/STM32CubeIDE/plugins/com.st.stm32cube.ide.mcu.externaltools.gnu-tools-for-stm32.12.3.rel1.win32_1.1.0.202410251130/tools/bin/../lib/gcc/arm-none-eabi/12.3.1/../../../../arm-none-eabi/lib/thumb/v7e-m+fp/hard\libc_nano.a(libc_a-puts.o) (__swbuf_r)
C:/ST/STM32CubeIDE_1.16.1/STM32CubeIDE/plugins/com.st.stm32cube.ide.mcu.externaltools.gnu-tools-for-stm32.12.3.rel1.win32_1.1.0.202410251130/tools/bin/../lib/gcc/arm-none-eabi/12.3.1/../../../../arm-none-eabi/lib/thumb/v7e-m+fp/hard\libc_nano.a(libc_a-wsetup.o)
                              C:/ST/STM32CubeIDE_1.16.1/STM32CubeIDE/plugins/com.st.stm32cube.ide.mcu.externaltools.gnu-tools-for-stm32.12.3.rel1.win32_1.1.0.202410251130/tools/bin/../lib/gcc/arm-none-eabi/12.3.1/../../../../arm-none-eabi/lib/thumb/v7e-m+fp/hard\libc_nano.a(libc_a-puts.o) (__swsetup_r)
C:/ST/STM32CubeIDE_1.16.1/STM32CubeIDE/plugins/com.st.stm32cube.ide.mcu.externaltools.gnu-tools-for-stm32.12.3.rel1.win32_1.1.0.202410251130/tools/bin/../lib/gcc/arm-none-eabi/12.3.1/../../../../arm-none-eabi/lib/thumb/v7e-m+fp/hard\libc_nano.a(libc_a-memcmp.o)
                              ./Core/Src/main.o (memcmp)
C:/ST/STM32CubeIDE_1.16.1/STM32CubeIDE/plugins/com.st.stm32cube.ide.mcu.externaltools.gnu-tools-for-stm32.12.3.rel1.win32_1.1.0.202410251130/tools/bin/../lib/gcc/arm-none-eabi/12.3.1/../../../../arm-none-eabi/lib/thumb/v7e-m+fp/hard\libc_nano.a(libc_a-memset.o)
                              C:/ST/STM32CubeIDE_1.16.1/STM32CubeIDE/plugins/com.st.stm32cube.ide.mcu.externaltools.gnu-tools-for-stm32.12.3.rel1.win32_1.1.0.202410251130/tools/bin/../lib/gcc/arm-none-eabi/12.3.1/../../../../arm-none-eabi/lib/thumb/v7e-m+fp/hard/crt0.o (memset)
C:/ST/STM32CubeIDE_1.16.1/STM32CubeIDE/plugins/com.st.stm32cube.ide.mcu.externaltools.gnu-tools-for-stm32.12.3.rel1.win32_1.1.0.202410251130/tools/bin/../lib/gcc/arm-none-eabi/12.3.1/../../../../arm-none-eabi/lib/thumb/v7e-m+fp/hard\libc_nano.a(libc_a-closer.o)
[...]
Memory Configuration

Name             Origin             Length             Attributes
RAM              0x20000000         0x00020000         xrw
FLASH            0x08000000         0x00080000         xr
*default*        0x00000000         0xffffffff

Linker script and memory map

LOAD C:/ST/STM32CubeIDE_1.16.1/STM32CubeIDE/plugins/com.st.stm32cube.ide.mcu.externaltools.gnu-tools-for-stm32.12.3.rel1.win32_1.1.0.202410251130/tools/bin/../lib/gcc/arm-none-eabi/12.3.1/thumb/v7e-m+fp/hard/crti.o
LOAD C:/ST/STM32CubeIDE_1.16.1/STM32CubeIDE/plugins/com.st.stm32cube.ide.mcu.externaltools.gnu-tools-for-stm32.12.3.rel1.win32_1.1.0.202410251130/tools/bin/../lib/gcc/arm-none-eabi/12.3.1/thumb/v7e-m+fp/hard/crtbegin.o
LOAD C:/ST/STM32CubeIDE_1.16.1/STM32CubeIDE/plugins/com.st.stm32cube.ide.mcu.externaltools.gnu-tools-for-stm32.12.3.rel1.win32_1.1.0.202410251130/tools/bin/../lib/gcc/arm-none-eabi/12.3.1/../../../../arm-none-eabi/lib/thumb/v7e-m+fp/hard/crt0.o
LOAD ./Core/Src/accelerometer.o
LOAD ./Core/Src/lcd.o
LOAD ./Core/Src/main.o
LOAD ./Core/Src/stm32f4xx_hal_msp.o
LOAD ./Core/Src/stm32f4xx_hal_timebase_tim.o
LOAD ./Core/Src/stm32f4xx_it.o
LOAD ./Core/Src/syscalls.o
LOAD ./Core/Src/sysmem.o
LOAD ./Core/Src/system_stm32f4xx.o
LOAD ./Core/Startup/startup_stm32f411vetx.o
LOAD ./Drivers/STM32F4xx_HAL_Driver/Src/stm32f4xx_hal.o
LOAD ./Drivers/STM32F4xx_HAL_Driver/Src/stm32f4xx_hal_cortex.o
LOAD ./Drivers/STM32F4xx_HAL_Driver/Src/stm32f4xx_hal_dma.o
LOAD ./Drivers/STM32F4xx_HAL_Driver/Src/stm32f4xx_hal_dma_ex.o
LOAD ./Drivers/STM32F4xx_HAL_Driver/Src/stm32f4xx_hal_exti.o
LOAD ./Drivers/STM32F4xx_HAL_Driver/Src/stm32f4xx_hal_flash.o
LOAD ./Drivers/STM32F4xx_HAL_Driver/Src/stm32f4xx_hal_flash_ex.o
LOAD ./Drivers/STM32F4xx_HAL_Driver/Src/stm32f4xx_hal_flash_ramfunc.o
LOAD ./Drivers/STM32F4xx_HAL_Driver/Src/stm32f4xx_hal_gpio.o
LOAD ./Drivers/STM32F4xx_HAL_Driver/Src/stm32f4xx_hal_i2c.o
LOAD ./Drivers/STM32F4xx_HAL_Driver/Src/stm32f4xx_hal_i2c_ex.o
LOAD ./Drivers/STM32F4xx_HAL_Driver/Src/stm32f4xx_hal_pcd.o
LOAD ./Drivers/STM32F4xx_HAL_Driver/Src/stm32f4xx_hal_pcd_ex.o
LOAD ./Drivers/STM32F4xx_HAL_Driver/Src/stm32f4xx_hal_pwr.o
LOAD ./Drivers/STM32F4xx_HAL_Driver/Src/stm32f4xx_hal_pwr_ex.o
LOAD ./Drivers/STM32F4xx_HAL_Driver/Src/stm32f4xx_hal_rcc.o
LOAD ./Drivers/STM32F4xx_HAL_Driver/Src/stm32f4xx_hal_rcc_ex.o
LOAD ./Drivers/STM32F4xx_HAL_Driver/Src/stm32f4xx_hal_tim.o
LOAD ./Drivers/STM32F4xx_HAL_Driver/Src/stm32f4xx_hal_tim_ex.o
LOAD ./Drivers/STM32F4xx_HAL_Driver/Src/stm32f4xx_hal_uart.o
LOAD ./Drivers/STM32F4xx_HAL_Driver/Src/stm32f4xx_ll_usb.o
LOAD ./FreeRTOS/Source/croutine.o
LOAD ./FreeRTOS/Source/event_groups.o
LOAD ./FreeRTOS/Source/list.o
LOAD ./FreeRTOS/Source/queue.o
LOAD ./FreeRTOS/Source/stream_buffer.o
LOAD ./FreeRTOS/Source/tasks.o
LOAD ./FreeRTOS/Source/timers.o
LOAD ./FreeRTOS/Source/portable/GCC/ARM_CM4F/port.o
LOAD ./FreeRTOS/Source/portable/MemMang/heap_4.o
LOAD ./Middlewares/ST/STM32_USB_Device_Library/Class/CDC/Src/usbd_cdc.o
LOAD ./Middlewares/ST/STM32_USB_Device_Library/Core/Src/usbd_core.o
LOAD ./Middlewares/ST/STM32_USB_Device_Library/Core/Src/usbd_ctlreq.o
LOAD ./Middlewares/ST/STM32_USB_Device_Library/Core/Src/usbd_ioreq.o
LOAD ./USB_DEVICE/App/usb_device.o
LOAD ./USB_DEVICE/App/usbd_cdc_if.o
LOAD ./USB_DEVICE/App/usbd_desc.o
LOAD ./USB_DEVICE/Target/usbd_conf.o
START GROUP
LOAD C:/ST/STM32CubeIDE_1.16.1/STM32CubeIDE/plugins/com.st.stm32cube.ide.mcu.externaltools.gnu-tools-for-stm32.12.3.rel1.win32_1.1.0.202410251130/tools/bin/../lib/gcc/arm-none-eabi/12.3.1/../../../../arm-none-eabi/lib/thumb/v7e-m+fp/hard\libc_nano.a
LOAD C:/ST/STM32CubeIDE_1.16.1/STM32CubeIDE/plugins/com.st.stm32cube.ide.mcu.externaltools.gnu-tools-for-stm32.12.3.rel1.win32_1.1.0.202410251130/tools/bin/../lib/gcc/arm-none-eabi/12.3.1/../../../../arm-none-eabi/lib/thumb/v7e-m+fp/hard\libm.a
END GROUP
START GROUP
LOAD C:/ST/STM32CubeIDE_1.16.1/STM32CubeIDE/plugins/com.st.stm32cube.ide.mcu.externaltools.gnu-tools-for-stm32.12.3.rel1.win32_1.1.0.202410251130/tools/bin/../lib/gcc/arm-none-eabi/12.3.1/thumb/v7e-m+fp/hard\libgcc.a
LOAD C:/ST/STM32CubeIDE_1.16.1/STM32CubeIDE/plugins/com.st.stm32cube.ide.mcu.externaltools.gnu-tools-for-stm32.12.3.rel1.win32_1.1.0.202410251130/tools/bin/../lib/gcc/arm-none-eabi/12.3.1/../../../../arm-none-eabi/lib/thumb/v7e-m+fp/hard\libc_nano.a
END GROUP
START GROUP
LOAD C:/ST/STM32CubeIDE_1.16.1/STM32CubeIDE/plugins/com.st.stm32cube.ide.mcu.externaltools.gnu-tools-for-stm32.12.3.rel1.win32_1.1.0.202410251130/tools/bin/../lib/gcc/arm-none-eabi/12.3.1/thumb/v7e-m+fp/hard\libgcc.a
LOAD C:/ST/STM32CubeIDE_1.16.1/STM32CubeIDE/plugins/com.st.stm32cube.ide.mcu.externaltools.gnu-tools-for-stm32.12.3.rel1.win32_1.1.0.202410251130/tools/bin/../lib/gcc/arm-none-eabi/12.3.1/../../../../arm-none-eabi/lib/thumb/v7e-m+fp/hard\libc_nano.a
LOAD C:/ST/STM32CubeIDE_1.16.1/STM32CubeIDE/plugins/com.st.stm32cube.ide.mcu.externaltools.gnu-tools-for-stm32.12.3.rel1.win32_1.1.0.202410251130/tools/bin/../lib/gcc/arm-none-eabi/12.3.1/../../../../arm-none-eabi/lib/thumb/v7e-m+fp/hard\libnosys.a
END GROUP
START GROUP
LOAD C:/ST/STM32CubeIDE_1.16.1/STM32CubeIDE/plugins/com.st.stm32cube.ide.mcu.externaltools.gnu-tools-for-stm32.12.3.rel1.win32_1.1.0.202410251130/tools/bin/../lib/gcc/arm-none-eabi/12.3.1/thumb/v7e-m+fp/hard\libgcc.a
LOAD C:/ST/STM32CubeIDE_1.16.1/STM32CubeIDE/plugins/com.st.stm32cube.ide.mcu.externaltools.gnu-tools-for-stm32.12.3.rel1.win32_1.1.0.202410251130/tools/bin/../lib/gcc/arm-none-eabi/12.3.1/../../../../arm-none-eabi/lib/thumb/v7e-m+fp/hard\libc_nano.a
LOAD C:/ST/STM32CubeIDE_1.16.1/STM32CubeIDE/plugins/com.st.stm32cube.ide.mcu.externaltools.gnu-tools-for-stm32.12.3.rel1.win32_1.1.0.202410251130/tools/bin/../lib/gcc/arm-none-eabi/12.3.1/../../../../arm-none-eabi/lib/thumb/v7e-m+fp/hard\libnosys.a
END GROUP
LOAD C:/ST/STM32CubeIDE_1.16.1/STM32CubeIDE/plugins/com.st.stm32cube.ide.mcu.externaltools.gnu-tools-for-stm32.12.3.rel1.win32_1.1.0.202410251130/tools/bin/../lib/gcc/arm-none-eabi/12.3.1/thumb/v7e-m+fp/hard/crtend.o
LOAD C:/ST/STM32CubeIDE_1.16.1/STM32CubeIDE/plugins/com.st.stm32cube.ide.mcu.externaltools.gnu-tools-for-stm32.12.3.rel1.win32_1.1.0.202410251130/tools/bin/../lib/gcc/arm-none-eabi/12.3.1/thumb/v7e-m+fp/hard/crtn.o
                0x20020000                        _estack = (ORIGIN (RAM) + LENGTH (RAM))
                0x00000200                        _Min_Heap_Size = 0x200
                0x00000400                        _Min_Stack_Size = 0x400

.isr_vector     0x08000000      0x198
                0x08000000                        . = ALIGN (0x4)
 *(.isr_vector)
 .isr_vector    0x08000000      0x198 ./Core/Startup/startup_stm32f411vetx.o
                0x08000000                g_pfnVectors
                0x08000198                        . = ALIGN (0x4)

.text           0x080001a0     0xc744
                0x080001a0                        . = ALIGN (0x4)
 *(.text)
 .text          0x080001a0       0x40 C:/ST/STM32CubeIDE_1.16.1/STM32CubeIDE/plugins/com.st.stm32cube.ide.mcu.externaltools.gnu-tools-for-stm32.12.3.rel1.win32_1.1.0.202410251130/tools/bin/../lib/gcc/arm-none-eabi/12.3.1/thumb/v7e-m+fp/hard/crtbegin.o
 .text          0x080001e0       0x30 C:/ST/STM32CubeIDE_1.16.1/STM32CubeIDE/plugins/com.st.stm32cube.ide.mcu.externaltools.gnu-tools-for-stm32.12.3.rel1.win32_1.1.0.202410251130/tools/bin/../lib/gcc/arm-none-eabi/12.3.1/thumb/v7e-m+fp/hard\libgcc.a(_aeabi_uldivmod.o)
                0x080001e0                __aeabi_uldivmod
 .text          0x08000210      0x2bc C:/ST/STM32CubeIDE_1.16.1/STM32CubeIDE/plugins/com.st.stm32cube.ide.mcu.externaltools.gnu-tools-for-stm32.12.3.rel1.win32_1.1.0.202410251130/tools/bin/../lib/gcc/arm-none-eabi/12.3.1/thumb/v7e-m+fp/hard\libgcc.a(_udivmoddi4.o)
                0x08000210                __udivmoddi4
 .text          0x080004cc        0x4 C:/ST/STM32CubeIDE_1.16.1/STM32CubeIDE/plugins/com.st.stm32cube.ide.mcu.externaltools.gnu-tools-for-stm32.12.3.rel1.win32_1.1.0.202410251130/tools/bin/../lib/gcc/arm-none-eabi/12.3.1/thumb/v7e-m+fp/hard\libgcc.a(_dvmd_tls.o)
                0x080004cc                __aeabi_idiv0
                0x080004cc                __aeabi_ldiv0
 *(.text*)
 .text.lcd_send_cmd
                0x080004d0       0x6a ./Core/Src/lcd.o
                0x080004d0                lcd_send_cmd
 .text.lcd_send_data
                0x0800053a       0x6a ./Core/Src/lcd.o
                0x0800053a                lcd_send_data
 .text.lcd_init
                0x080005a4      0x148 ./Core/Src/lcd.o
                0x080005a4                lcd_init
 .text.lcd_send_string
                0x080006ec       0x4a ./Core/Src/lcd.o
                0x080006ec                lcd_send_string
 .text.lcd_put_cur
                0x08000736       0x5c ./Core/Src/lcd.o
                0x08000736                lcd_put_cur
 *fill*         0x08000792        0x2 
 .text.Task_ReceiveData
                0x08000794       0x74 ./Core/Src/main.o
                0x08000794                Task_ReceiveData
 .text.Task_SetLCD
                0x08000808      0x188 ./Core/Src/main.o
                0x08000808                Task_SetLCD
 .text.Task_SendData
                0x08000990       0x88 ./Core/Src/main.o
                0x08000990                Task_SendData
 .text.Task_ReadGPS
                0x08000a18      0x14c ./Core/Src/main.o
                0x08000a18                Task_ReadGPS
 .text.main     0x08000b64      0x130 ./Core/Src/main.o
                0x08000b64                main
 .text.SystemClock_Config
                0x08000c94       0xd0 ./Core/Src/main.o
                0x08000c94                SystemClock_Config
 .text.MX_I2C1_Init
                0x08000d64       0x60 ./Core/Src/main.o
 .text.MX_TIM3_Init
                0x08000dc4       0x9c ./Core/Src/main.o
 .text.MX_TIM4_Init
                0x08000e60       0x9c ./Core/Src/main.o
 .text.MX_USART1_UART_Init
                0x08000efc       0x54 ./Core/Src/main.o
 .text.MX_GPIO_Init
                0x08000f50       0xdc ./Core/Src/main.o
 .text.HAL_TIM_PeriodElapsedCallback
                0x0800102c       0x24 ./Core/Src/main.o
                0x0800102c                HAL_TIM_PeriodElapsedCallback
 .text.Error_Handler
                0x08001050        0xc ./Core/Src/main.o
                0x08001050                Error_Handler
 .text.HAL_MspInit
                0x0800105c       0x50 ./Core/Src/stm32f4xx_hal_msp.o
                0x0800105c                HAL_MspInit
 .text.HAL_I2C_MspInit
                0x080010ac       0x90 ./Core/Src/stm32f4xx_hal_msp.o
                0x080010ac                HAL_I2C_MspInit
 .text.HAL_TIM_Base_MspInit
                0x0800113c       0x70 ./Core/Src/stm32f4xx_hal_msp.o
                0x0800113c                HAL_TIM_Base_MspInit
 .text.HAL_UART_MspInit
                0x080011ac       0x90 ./Core/Src/stm32f4xx_hal_msp.o
                0x080011ac                HAL_UART_MspInit
 .text.HAL_InitTick
                0x0800123c       0xf8 ./Core/Src/stm32f4xx_hal_timebase_tim.o
                0x0800123c                HAL_InitTick
 .text.NMI_Handler
                0x08001334        0x8 ./Core/Src/stm32f4xx_it.o
                0x08001334                NMI_Handler
 .text.HardFault_Handler
                0x0800133c        0x8 ./Core/Src/stm32f4xx_it.o
                0x0800133c                HardFault_Handler
 .text.MemManage_Handler
                0x08001344        0x8 ./Core/Src/stm32f4xx_it.o
                0x08001344                MemManage_Handler
 .text.BusFault_Handler
                0x0800134c        0x8 ./Core/Src/stm32f4xx_it.o
                0x0800134c                BusFault_Handler
 .text.UsageFault_Handler
                0x08001354        0x8 ./Core/Src/stm32f4xx_it.o
                0x08001354                UsageFault_Handler
 .text.DebugMon_Handler
                0x0800135c        0xe ./Core/Src/stm32f4xx_it.o
                0x0800135c                DebugMon_Handler
 *fill*         0x0800136a        0x2 
 .text.TIM5_IRQHandler
                0x0800136c       0x14 ./Core/Src/stm32f4xx_it.o
                0x0800136c                TIM5_IRQHandler
 .text.OTG_FS_IRQHandler
                0x08001380       0x14 ./Core/Src/stm32f4xx_it.o
                0x08001380                OTG_FS_IRQHandler
 .text._read    0x08001394       0x3a ./Core/Src/syscalls.o
                0x08001394                _read
 .text._write   0x080013ce       0x38 ./Core/Src/syscalls.o
                0x080013ce                _write
 .text._close   0x08001406       0x18 ./Core/Src/syscalls.o
                0x08001406                _close
 .text._fstat   0x0800141e       0x20 ./Core/Src/syscalls.o
                0x0800141e                _fstat
 .text._isatty  0x0800143e       0x16 ./Core/Src/syscalls.o
                0x0800143e                _isatty
 .text._lseek   0x08001454       0x1a ./Core/Src/syscalls.o
                0x08001454                _lseek
 *fill*         0x0800146e        0x2 
 .text._sbrk    0x08001470       0x6c ./Core/Src/sysmem.o
                0x08001470                _sbrk
 .text.SystemInit
                0x080014dc       0x24 ./Core/Src/system_stm32f4xx.o
                0x080014dc                SystemInit
 .text.Reset_Handler
                0x08001500       0x50 ./Core/Startup/startup_stm32f411vetx.o
                0x08001500                Reset_Handler
 .text.Default_Handler
                0x08001550        0x2 ./Core/Startup/startup_stm32f411vetx.o
                0x08001550                RTC_Alarm_IRQHandler
                0x08001550                EXTI2_IRQHandler
                0x08001550                SPI4_IRQHandler
                0x08001550                TIM1_CC_IRQHandler
                0x08001550                DMA2_Stream5_IRQHandler
                0x08001550                DMA1_Stream5_IRQHandler
                0x08001550                PVD_IRQHandler
                0x08001550                SDIO_IRQHandler
                0x08001550                TAMP_STAMP_IRQHandler
                0x08001550                EXTI3_IRQHandler
                0x08001550                TIM1_UP_TIM10_IRQHandler
                0x08001550                I2C3_ER_IRQHandler
                0x08001550                EXTI0_IRQHandler
                0x08001550                I2C2_EV_IRQHandler
                0x08001550                DMA1_Stream2_IRQHandler
                0x08001550                FPU_IRQHandler
                0x08001550                DMA2_Stream2_IRQHandler
                0x08001550                SPI1_IRQHandler
                0x08001550                TIM1_BRK_TIM9_IRQHandler
                0x08001550                DMA2_Stream3_IRQHandler
                0x08001550                USART6_IRQHandler
                0x08001550                DMA2_Stream0_IRQHandler
                0x08001550                TIM4_IRQHandler
                0x08001550                I2C1_EV_IRQHandler
                0x08001550                DMA1_Stream6_IRQHandler
                0x08001550                DMA1_Stream1_IRQHandler
                0x08001550                TIM3_IRQHandler
                0x08001550                RCC_IRQHandler
                0x08001550                Default_Handler
                0x08001550                EXTI15_10_IRQHandler
                0x08001550                ADC_IRQHandler
                0x08001550                DMA1_Stream7_IRQHandler
                0x08001550                SPI5_IRQHandler
                0x08001550                DMA2_Stream7_IRQHandler
                0x08001550                I2C3_EV_IRQHandler
                0x08001550                EXTI9_5_IRQHandler
                0x08001550                RTC_WKUP_IRQHandler
                0x08001550                SPI2_IRQHandler
                0x08001550                DMA1_Stream0_IRQHandler
                0x08001550                EXTI4_IRQHandler
                0x08001550                WWDG_IRQHandler
                0x08001550                TIM2_IRQHandler
                0x08001550                OTG_FS_WKUP_IRQHandler
                0x08001550                TIM1_TRG_COM_TIM11_IRQHandler
                0x08001550                EXTI1_IRQHandler
                0x08001550                USART2_IRQHandler
                0x08001550                I2C2_ER_IRQHandler
                0x08001550                DMA2_Stream1_IRQHandler
                0x08001550                FLASH_IRQHandler
                0x08001550                DMA2_Stream4_IRQHandler
                0x08001550                USART1_IRQHandler
                0x08001550                SPI3_IRQHandler
                0x08001550                DMA1_Stream4_IRQHandler
                0x08001550                I2C1_ER_IRQHandler
                0x08001550                DMA2_Stream6_IRQHandler
                0x08001550                DMA1_Stream3_IRQHandler
 *fill*         0x08001552        0x2 
 .text.HAL_Init
                0x08001554       0x44 ./Drivers/STM32F4xx_HAL_Driver/Src/stm32f4xx_hal.o
                0x08001554                HAL_Init
 .text.HAL_IncTick
                0x08001598       0x28 ./Drivers/STM32F4xx_HAL_Driver/Src/stm32f4xx_hal.o
                0x08001598                HAL_IncTick
 .text.HAL_GetTick
                0x080015c0       0x18 ./Drivers/STM32F4xx_HAL_Driver/Src/stm32f4xx_hal.o
                0x080015c0                HAL_GetTick
 .text.HAL_Delay
                0x080015d8       0x48 ./Drivers/STM32F4xx_HAL_Driver/Src/stm32f4xx_hal.o
                0x080015d8                HAL_Delay
 .text.__NVIC_SetPriorityGrouping
                0x08001620       0x48 ./Drivers/STM32F4xx_HAL_Driver/Src/stm32f4xx_hal_cortex.o
 .text.__NVIC_GetPriorityGrouping
                0x08001668       0x1c ./Drivers/STM32F4xx_HAL_Driver/Src/stm32f4xx_hal_cortex.o
 .text.__NVIC_EnableIRQ
                0x08001684       0x3c ./Drivers/STM32F4xx_HAL_Driver/Src/stm32f4xx_hal_cortex.o
 .text.__NVIC_SetPriority
                0x080016c0       0x54 ./Drivers/STM32F4xx_HAL_Driver/Src/stm32f4xx_hal_cortex.o
 .text.NVIC_EncodePriority
                0x08001714       0x66 ./Drivers/STM32F4xx_HAL_Driver/Src/stm32f4xx_hal_cortex.o
 .text.HAL_NVIC_SetPriorityGrouping
                0x0800177a       0x16 ./Drivers/STM32F4xx_HAL_Driver/Src/stm32f4xx_hal_cortex.o
                0x0800177a                HAL_NVIC_SetPriorityGrouping
 .text.HAL_NVIC_SetPriority
                0x08001790       0x38 ./Drivers/STM32F4xx_HAL_Driver/Src/stm32f4xx_hal_cortex.o
                0x08001790                HAL_NVIC_SetPriority
 .text.HAL_NVIC_EnableIRQ
                0x080017c8       0x1c ./Drivers/STM32F4xx_HAL_Driver/Src/stm32f4xx_hal_cortex.o
                0x080017c8                HAL_NVIC_EnableIRQ
 .text.HAL_GPIO_Init
                0x080017e4      0x308 ./Drivers/STM32F4xx_HAL_Driver/Src/stm32f4xx_hal_gpio.o
                0x080017e4                HAL_GPIO_Init
 .text.HAL_GPIO_WritePin
                0x08001aec       0x32 ./Drivers/STM32F4xx_HAL_Driver/Src/stm32f4xx_hal_gpio.o
                0x08001aec                HAL_GPIO_WritePin
 .text.HAL_GPIO_TogglePin
                0x08001b1e       0x34 ./Drivers/STM32F4xx_HAL_Driver/Src/stm32f4xx_hal_gpio.o
                0x08001b1e                HAL_GPIO_TogglePin
 *fill*         0x08001b52        0x2 
 .text.HAL_I2C_Init
                0x08001b54      0x288 ./Drivers/STM32F4xx_HAL_Driver/Src/stm32f4xx_hal_i2c.o
                0x08001b54                HAL_I2C_Init
 .text.HAL_I2C_Master_Transmit
                0x08001ddc      0x1fc ./Drivers/STM32F4xx_HAL_Driver/Src/stm32f4xx_hal_i2c.o
                0x08001ddc                HAL_I2C_Master_Transmit
 .text.I2C_MasterRequestWrite
                0x08001fd8      0x104 ./Drivers/STM32F4xx_HAL_Driver/Src/stm32f4xx_hal_i2c.o
 .text.I2C_WaitOnFlagUntilTimeout
                0x080020dc       0xf4 ./Drivers/STM32F4xx_HAL_Driver/Src/stm32f4xx_hal_i2c.o
 .text.I2C_WaitOnMasterAddressFlagUntilTimeout
                0x080021d0      0x140 ./Drivers/STM32F4xx_HAL_Driver/Src/stm32f4xx_hal_i2c.o
 .text.I2C_WaitOnTXEFlagUntilTimeout
                0x08002310       0x90 ./Drivers/STM32F4xx_HAL_Driver/Src/stm32f4xx_hal_i2c.o
 .text.I2C_WaitOnBTFFlagUntilTimeout
                0x080023a0       0x90 ./Drivers/STM32F4xx_HAL_Driver/Src/stm32f4xx_hal_i2c.o
 .text.I2C_IsAcknowledgeFailed
                0x08002430       0x5e ./Drivers/STM32F4xx_HAL_Driver/Src/stm32f4xx_hal_i2c.o
 .text.HAL_PCD_Init
                0x0800248e      0x21e ./Drivers/STM32F4xx_HAL_Driver/Src/stm32f4xx_hal_pcd.o
                0x0800248e                HAL_PCD_Init
 .text.HAL_PCD_Start
                0x080026ac       0x6a ./Drivers/STM32F4xx_HAL_Driver/Src/stm32f4xx_hal_pcd.o
                0x080026ac                HAL_PCD_Start
 .text.HAL_PCD_IRQHandler
                0x08002716      0x942 ./Drivers/STM32F4xx_HAL_Driver/Src/stm32f4xx_hal_pcd.o
                0x08002716                HAL_PCD_IRQHandler
 .text.HAL_PCD_SetAddress
                0x08003058       0x48 ./Drivers/STM32F4xx_HAL_Driver/Src/stm32f4xx_hal_pcd.o
                0x08003058                HAL_PCD_SetAddress
 .text.HAL_PCD_EP_Open
                0x080030a0       0xd4 ./Drivers/STM32F4xx_HAL_Driver/Src/stm32f4xx_hal_pcd.o
                0x080030a0                HAL_PCD_EP_Open
 .text.HAL_PCD_EP_Close
                0x08003174       0x94 ./Drivers/STM32F4xx_HAL_Driver/Src/stm32f4xx_hal_pcd.o
                0x08003174                HAL_PCD_EP_Close
 .text.HAL_PCD_EP_Receive
                0x08003208       0x76 ./Drivers/STM32F4xx_HAL_Driver/Src/stm32f4xx_hal_pcd.o
                0x08003208                HAL_PCD_EP_Receive
 .text.HAL_PCD_EP_GetRxCount
                0x0800327e       0x30 ./Drivers/STM32F4xx_HAL_Driver/Src/stm32f4xx_hal_pcd.o
                0x0800327e                HAL_PCD_EP_GetRxCount
 .text.HAL_PCD_EP_Transmit
                0x080032ae       0x74 ./Drivers/STM32F4xx_HAL_Driver/Src/stm32f4xx_hal_pcd.o
                0x080032ae                HAL_PCD_EP_Transmit
 .text.HAL_PCD_EP_SetStall
                0x08003322       0xc6 ./Drivers/STM32F4xx_HAL_Driver/Src/stm32f4xx_hal_pcd.o
                0x08003322                HAL_PCD_EP_SetStall
 .text.HAL_PCD_EP_ClrStall
                0x080033e8       0xac ./Drivers/STM32F4xx_HAL_Driver/Src/stm32f4xx_hal_pcd.o
                0x080033e8                HAL_PCD_EP_ClrStall
 .text.HAL_PCD_EP_Abort
                0x08003494       0x62 ./Drivers/STM32F4xx_HAL_Driver/Src/stm32f4xx_hal_pcd.o
                0x08003494                HAL_PCD_EP_Abort
 .text.PCD_WriteEmptyTxFifo
                0x080034f6      0x118 ./Drivers/STM32F4xx_HAL_Driver/Src/stm32f4xx_hal_pcd.o
 *fill*         0x0800360e        0x2 
 .text.PCD_EP_OutXfrComplete_int
                0x08003610      0x1d0 ./Drivers/STM32F4xx_HAL_Driver/Src/stm32f4xx_hal_pcd.o
 .text.PCD_EP_OutSetupPacket_int
                0x080037e0       0x8c ./Drivers/STM32F4xx_HAL_Driver/Src/stm32f4xx_hal_pcd.o
 .text.HAL_PCDEx_SetTxFiFo
                0x0800386c       0x8e ./Drivers/STM32F4xx_HAL_Driver/Src/stm32f4xx_hal_pcd_ex.o
                0x0800386c                HAL_PCDEx_SetTxFiFo
 .text.HAL_PCDEx_SetRxFiFo
                0x080038fa       0x22 ./Drivers/STM32F4xx_HAL_Driver/Src/stm32f4xx_hal_pcd_ex.o
                0x080038fa                HAL_PCDEx_SetRxFiFo
 .text.HAL_PCDEx_LPM_Callback
                0x0800391c       0x18 ./Drivers/STM32F4xx_HAL_Driver/Src/stm32f4xx_hal_pcd_ex.o
                0x0800391c                HAL_PCDEx_LPM_Callback
 .text.HAL_RCC_OscConfig
                0x08003934      0x4f0 ./Drivers/STM32F4xx_HAL_Driver/Src/stm32f4xx_hal_rcc.o
                0x08003934                HAL_RCC_OscConfig
 .text.HAL_RCC_ClockConfig
                0x08003e24      0x1cc ./Drivers/STM32F4xx_HAL_Driver/Src/stm32f4xx_hal_rcc.o
                0x08003e24                HAL_RCC_ClockConfig
 .text.HAL_RCC_GetSysClockFreq
                0x08003ff0      0x20c ./Drivers/STM32F4xx_HAL_Driver/Src/stm32f4xx_hal_rcc.o
                0x08003ff0                HAL_RCC_GetSysClockFreq
 .text.HAL_RCC_GetHCLKFreq
                0x080041fc       0x18 ./Drivers/STM32F4xx_HAL_Driver/Src/stm32f4xx_hal_rcc.o
                0x080041fc                HAL_RCC_GetHCLKFreq
 .text.HAL_RCC_GetPCLK1Freq
                0x08004214       0x28 ./Drivers/STM32F4xx_HAL_Driver/Src/stm32f4xx_hal_rcc.o
                0x08004214                HAL_RCC_GetPCLK1Freq
 .text.HAL_RCC_GetPCLK2Freq
                0x0800423c       0x28 ./Drivers/STM32F4xx_HAL_Driver/Src/stm32f4xx_hal_rcc.o
                0x0800423c                HAL_RCC_GetPCLK2Freq
 .text.HAL_RCC_GetClockConfig
                0x08004264       0x64 ./Drivers/STM32F4xx_HAL_Driver/Src/stm32f4xx_hal_rcc.o
                0x08004264                HAL_RCC_GetClockConfig
 .text.HAL_TIM_Base_Init
                0x080042c8       0x9e ./Drivers/STM32F4xx_HAL_Driver/Src/stm32f4xx_hal_tim.o
                0x080042c8                HAL_TIM_Base_Init
 *fill*         0x08004366        0x2 
 .text.HAL_TIM_Base_Start_IT
                0x08004368       0xc4 ./Drivers/STM32F4xx_HAL_Driver/Src/stm32f4xx_hal_tim.o
                0x08004368                HAL_TIM_Base_Start_IT
 .text.HAL_TIM_IRQHandler
                0x0800442c      0x1e0 ./Drivers/STM32F4xx_HAL_Driver/Src/stm32f4xx_hal_tim.o
                0x0800442c                HAL_TIM_IRQHandler
 .text.HAL_TIM_ConfigClockSource
                0x0800460c      0x18e ./Drivers/STM32F4xx_HAL_Driver/Src/stm32f4xx_hal_tim.o
                0x0800460c                HAL_TIM_ConfigClockSource
 .text.HAL_TIM_OC_DelayElapsedCallback
                0x0800479a       0x14 ./Drivers/STM32F4xx_HAL_Driver/Src/stm32f4xx_hal_tim.o
                0x0800479a                HAL_TIM_OC_DelayElapsedCallback
 .text.HAL_TIM_IC_CaptureCallback
                0x080047ae       0x14 ./Drivers/STM32F4xx_HAL_Driver/Src/stm32f4xx_hal_tim.o
                0x080047ae                HAL_TIM_IC_CaptureCallback
 .text.HAL_TIM_PWM_PulseFinishedCallback
                0x080047c2       0x14 ./Drivers/STM32F4xx_HAL_Driver/Src/stm32f4xx_hal_tim.o
                0x080047c2                HAL_TIM_PWM_PulseFinishedCallback
 .text.HAL_TIM_TriggerCallback
                0x080047d6       0x14 ./Drivers/STM32F4xx_HAL_Driver/Src/stm32f4xx_hal_tim.o
                0x080047d6                HAL_TIM_TriggerCallback
 *fill*         0x080047ea        0x2 
 .text.TIM_Base_SetConfig
                0x080047ec      0x118 ./Drivers/STM32F4xx_HAL_Driver/Src/stm32f4xx_hal_tim.o
                0x080047ec                TIM_Base_SetConfig
 .text.TIM_TI1_ConfigInputStage
                0x08004904       0x5e ./Drivers/STM32F4xx_HAL_Driver/Src/stm32f4xx_hal_tim.o
 .text.TIM_TI2_ConfigInputStage
                0x08004962       0x60 ./Drivers/STM32F4xx_HAL_Driver/Src/stm32f4xx_hal_tim.o
 .text.TIM_ITRx_SetConfig
                0x080049c2       0x36 ./Drivers/STM32F4xx_HAL_Driver/Src/stm32f4xx_hal_tim.o
 .text.TIM_ETR_SetConfig
                0x080049f8       0x40 ./Drivers/STM32F4xx_HAL_Driver/Src/stm32f4xx_hal_tim.o
                0x080049f8                TIM_ETR_SetConfig
 .text.HAL_TIMEx_MasterConfigSynchronization
                0x08004a38       0xdc ./Drivers/STM32F4xx_HAL_Driver/Src/stm32f4xx_hal_tim_ex.o
                0x08004a38                HAL_TIMEx_MasterConfigSynchronization
 .text.HAL_TIMEx_CommutCallback
                0x08004b14       0x14 ./Drivers/STM32F4xx_HAL_Driver/Src/stm32f4xx_hal_tim_ex.o
                0x08004b14                HAL_TIMEx_CommutCallback
 .text.HAL_TIMEx_BreakCallback
                0x08004b28       0x14 ./Drivers/STM32F4xx_HAL_Driver/Src/stm32f4xx_hal_tim_ex.o
                0x08004b28                HAL_TIMEx_BreakCallback
 .text.HAL_UART_Init
                0x08004b3c       0xa0 ./Drivers/STM32F4xx_HAL_Driver/Src/stm32f4xx_hal_uart.o
                0x08004b3c                HAL_UART_Init
 .text.HAL_UART_Receive
                0x08004bdc      0x12e ./Drivers/STM32F4xx_HAL_Driver/Src/stm32f4xx_hal_uart.o
                0x08004bdc                HAL_UART_Receive
 .text.UART_WaitOnFlagUntilTimeout
                0x08004d0a       0xb2 ./Drivers/STM32F4xx_HAL_Driver/Src/stm32f4xx_hal_uart.o
 .text.UART_EndRxTransfer
                0x08004dbc       0xc6 ./Drivers/STM32F4xx_HAL_Driver/Src/stm32f4xx_hal_uart.o
 *fill*         0x08004e82        0x2 
 .text.UART_SetConfig
                0x08004e84      0x4e8 ./Drivers/STM32F4xx_HAL_Driver/Src/stm32f4xx_hal_uart.o
 .text.USB_CoreInit
                0x0800536c       0xc8 ./Drivers/STM32F4xx_HAL_Driver/Src/stm32f4xx_ll_usb.o
                0x0800536c                USB_CoreInit
 .text.USB_SetTurnaroundTime
                0x08005434      0x144 ./Drivers/STM32F4xx_HAL_Driver/Src/stm32f4xx_ll_usb.o
                0x08005434                USB_SetTurnaroundTime
 .text.USB_EnableGlobalInt
                0x08005578       0x22 ./Drivers/STM32F4xx_HAL_Driver/Src/stm32f4xx_ll_usb.o
                0x08005578                USB_EnableGlobalInt
 .text.USB_DisableGlobalInt
                0x0800559a       0x22 ./Drivers/STM32F4xx_HAL_Driver/Src/stm32f4xx_ll_usb.o
                0x0800559a                USB_DisableGlobalInt
 .text.USB_SetCurrentMode
                0x080055bc       0x98 ./Drivers/STM32F4xx_HAL_Driver/Src/stm32f4xx_ll_usb.o
                0x080055bc                USB_SetCurrentMode
 .text.USB_DevInit
                0x08005654      0x2c8 ./Drivers/STM32F4xx_HAL_Driver/Src/stm32f4xx_ll_usb.o
                0x08005654                USB_DevInit
 .text.USB_FlushTxFifo
                0x0800591c       0x64 ./Drivers/STM32F4xx_HAL_Driver/Src/stm32f4xx_ll_usb.o
                0x0800591c                USB_FlushTxFifo
 .text.USB_FlushRxFifo
                0x08005980       0x5c ./Drivers/STM32F4xx_HAL_Driver/Src/stm32f4xx_ll_usb.o
                0x08005980                USB_FlushRxFifo
 .text.USB_SetDevSpeed
                0x080059dc       0x32 ./Drivers/STM32F4xx_HAL_Driver/Src/stm32f4xx_ll_usb.o
                0x080059dc                USB_SetDevSpeed
 .text.USB_GetDevSpeed
                0x08005a0e       0x4a ./Drivers/STM32F4xx_HAL_Driver/Src/stm32f4xx_ll_usb.o
                0x08005a0e                USB_GetDevSpeed
 .text.USB_ActivateEndpoint
                0x08005a58      0x10e ./Drivers/STM32F4xx_HAL_Driver/Src/stm32f4xx_ll_usb.o
                0x08005a58                USB_ActivateEndpoint
 *fill*         0x08005b66        0x2 
 .text.USB_DeactivateEndpoint
                0x08005b68      0x1b8 ./Drivers/STM32F4xx_HAL_Driver/Src/stm32f4xx_ll_usb.o
                0x08005b68                USB_DeactivateEndpoint
 .text.USB_EPStartXfer
                0x08005d20      0x53c ./Drivers/STM32F4xx_HAL_Driver/Src/stm32f4xx_ll_usb.o
                0x08005d20                USB_EPStartXfer
 .text.USB_EPStopXfer
                0x0800625c      0x154 ./Drivers/STM32F4xx_HAL_Driver/Src/stm32f4xx_ll_usb.o
                0x0800625c                USB_EPStopXfer
 .text.USB_WritePacket
                0x080063b0       0x7c ./Drivers/STM32F4xx_HAL_Driver/Src/stm32f4xx_ll_usb.o
                0x080063b0                USB_WritePacket
 .text.USB_ReadPacket
                0x0800642c       0xb0 ./Drivers/STM32F4xx_HAL_Driver/Src/stm32f4xx_ll_usb.o
                0x0800642c                USB_ReadPacket
 .text.USB_EPSetStall
                0x080064dc       0xdc ./Drivers/STM32F4xx_HAL_Driver/Src/stm32f4xx_ll_usb.o
                0x080064dc                USB_EPSetStall
 .text.USB_EPClearStall
                0x080065b8       0xcc ./Drivers/STM32F4xx_HAL_Driver/Src/stm32f4xx_ll_usb.o
                0x080065b8                USB_EPClearStall
 .text.USB_SetDevAddress
                0x08006684       0x4c ./Drivers/STM32F4xx_HAL_Driver/Src/stm32f4xx_ll_usb.o
                0x08006684                USB_SetDevAddress
 .text.USB_DevConnect
                0x080066d0       0x42 ./Drivers/STM32F4xx_HAL_Driver/Src/stm32f4xx_ll_usb.o
                0x080066d0                USB_DevConnect
 .text.USB_DevDisconnect
                0x08006712       0x42 ./Drivers/STM32F4xx_HAL_Driver/Src/stm32f4xx_ll_usb.o
                0x08006712                USB_DevDisconnect
 .text.USB_ReadInterrupts
                0x08006754       0x26 ./Drivers/STM32F4xx_HAL_Driver/Src/stm32f4xx_ll_usb.o
                0x08006754                USB_ReadInterrupts
 .text.USB_ReadDevAllOutEpInterrupt
                0x0800677a       0x34 ./Drivers/STM32F4xx_HAL_Driver/Src/stm32f4xx_ll_usb.o
                0x0800677a                USB_ReadDevAllOutEpInterrupt
 .text.USB_ReadDevAllInEpInterrupt
                0x080067ae       0x34 ./Drivers/STM32F4xx_HAL_Driver/Src/stm32f4xx_ll_usb.o
                0x080067ae                USB_ReadDevAllInEpInterrupt
 .text.USB_ReadDevOutEPInterrupt
                0x080067e2       0x3c ./Drivers/STM32F4xx_HAL_Driver/Src/stm32f4xx_ll_usb.o
                0x080067e2                USB_ReadDevOutEPInterrupt
 .text.USB_ReadDevInEPInterrupt
                0x0800681e       0x5c ./Drivers/STM32F4xx_HAL_Driver/Src/stm32f4xx_ll_usb.o
                0x0800681e                USB_ReadDevInEPInterrupt
 .text.USB_GetMode
                0x0800687a       0x1c ./Drivers/STM32F4xx_HAL_Driver/Src/stm32f4xx_ll_usb.o
                0x0800687a                USB_GetMode
 .text.USB_ActivateSetup
                0x08006896       0x46 ./Drivers/STM32F4xx_HAL_Driver/Src/stm32f4xx_ll_usb.o
                0x08006896                USB_ActivateSetup
 .text.USB_EP0_OutStart
                0x080068dc       0xbc ./Drivers/STM32F4xx_HAL_Driver/Src/stm32f4xx_ll_usb.o
                0x080068dc                USB_EP0_OutStart
 .text.USB_CoreReset
                0x08006998       0x62 ./Drivers/STM32F4xx_HAL_Driver/Src/stm32f4xx_ll_usb.o
 .text.vListInitialise
                0x080069fa       0x40 ./FreeRTOS/Source/list.o
                0x080069fa                vListInitialise
 .text.vListInitialiseItem
                0x08006a3a       0x1a ./FreeRTOS/Source/list.o
                0x08006a3a                vListInitialiseItem
 .text.vListInsert
                0x08006a54       0x72 ./FreeRTOS/Source/list.o
                0x08006a54                vListInsert
 .text.uxListRemove
                0x08006ac6       0x54 ./FreeRTOS/Source/list.o
                0x08006ac6                uxListRemove
 *fill*         0x08006b1a        0x2 
 .text.xQueueGenericReset
                0x08006b1c       0xe8 ./FreeRTOS/Source/queue.o
                0x08006b1c                xQueueGenericReset
 .text.xQueueGenericCreate
                0x08006c04       0x7e ./FreeRTOS/Source/queue.o
                0x08006c04                xQueueGenericCreate
 .text.prvInitialiseNewQueue
                0x08006c82       0x46 ./FreeRTOS/Source/queue.o
 .text.prvInitialiseMutex
                0x08006cc8       0x34 ./FreeRTOS/Source/queue.o
 .text.xQueueCreateMutex
                0x08006cfc       0x30 ./FreeRTOS/Source/queue.o
                0x08006cfc                xQueueCreateMutex
 .text.xQueueGenericSend
                0x08006d2c      0x154 ./FreeRTOS/Source/queue.o
                0x08006d2c                xQueueGenericSend
 .text.xQueueGenericSendFromISR
                0x08006e80       0xce ./FreeRTOS/Source/queue.o
                0x08006e80                xQueueGenericSendFromISR
 *fill*         0x08006f4e        0x2 
 .text.xQueueReceive
                0x08006f50      0x144 ./FreeRTOS/Source/queue.o
                0x08006f50                xQueueReceive
 .text.xQueueSemaphoreTake
                0x08007094      0x190 ./FreeRTOS/Source/queue.o
                0x08007094                xQueueSemaphoreTake
 .text.xQueueReceiveFromISR
                0x08007224       0xc6 ./FreeRTOS/Source/queue.o
                0x08007224                xQueueReceiveFromISR
 .text.prvGetDisinheritPriorityAfterTimeout
                0x080072ea       0x30 ./FreeRTOS/Source/queue.o
 .text.prvCopyDataToQueue
                0x0800731a       0xd4 ./FreeRTOS/Source/queue.o
 .text.prvCopyDataFromQueue
                0x080073ee       0x4c ./FreeRTOS/Source/queue.o
 .text.prvUnlockQueue
                0x0800743a       0xa4 ./FreeRTOS/Source/queue.o
 .text.prvIsQueueEmpty
                0x080074de       0x2c ./FreeRTOS/Source/queue.o
 .text.prvIsQueueFull
                0x0800750a       0x30 ./FreeRTOS/Source/queue.o
 *fill*         0x0800753a        0x2 
 .text.vQueueAddToRegistry
                0x0800753c       0x80 ./FreeRTOS/Source/queue.o
                0x0800753c                vQueueAddToRegistry
 .text.vQueueWaitForMessageRestricted
                0x080075bc       0x68 ./FreeRTOS/Source/queue.o
                0x080075bc                vQueueWaitForMessageRestricted
 .text.xTaskCreate
                0x08007624       0x8c ./FreeRTOS/Source/tasks.o
                0x08007624                xTaskCreate
 .text.prvInitialiseNewTask
                0x080076b0       0xe0 ./FreeRTOS/Source/tasks.o
 .text.prvAddNewTaskToReadyList
                0x08007790      0x12c ./FreeRTOS/Source/tasks.o
 .text.vTaskDelay
                0x080078bc       0x48 ./FreeRTOS/Source/tasks.o
                0x080078bc                vTaskDelay
 .text.vTaskStartScheduler
                0x08007904       0x84 ./FreeRTOS/Source/tasks.o
                0x08007904                vTaskStartScheduler
 .text.vTaskSuspendAll
                0x08007988       0x1c ./FreeRTOS/Source/tasks.o
                0x08007988                vTaskSuspendAll
 .text.xTaskResumeAll
                0x080079a4      0x1d8 ./FreeRTOS/Source/tasks.o
                0x080079a4                xTaskResumeAll
 .text.xTaskGetTickCount
                0x08007b7c       0x20 ./FreeRTOS/Source/tasks.o
                0x08007b7c                xTaskGetTickCount
 .text.uxTaskGetNumberOfTasks
                0x08007b9c       0x18 ./FreeRTOS/Source/tasks.o
                0x08007b9c                uxTaskGetNumberOfTasks
 .text.xTaskIncrementTick
                0x08007bb4      0x20c ./FreeRTOS/Source/tasks.o
                0x08007bb4                xTaskIncrementTick
 .text.vTaskSwitchContext
                0x08007dc0       0x8c ./FreeRTOS/Source/tasks.o
                0x08007dc0                vTaskSwitchContext
 .text.vTaskPlaceOnEventList
                0x08007e4c       0x2c ./FreeRTOS/Source/tasks.o
                0x08007e4c                vTaskPlaceOnEventList
 .text.vTaskPlaceOnEventListRestricted
                0x08007e78       0x70 ./FreeRTOS/Source/tasks.o
                0x08007e78                vTaskPlaceOnEventListRestricted
 .text.xTaskRemoveFromEventList
                0x08007ee8      0x190 ./FreeRTOS/Source/tasks.o
                0x08007ee8                xTaskRemoveFromEventList
 .text.vTaskInternalSetTimeOutState
                0x08008078       0x2c ./FreeRTOS/Source/tasks.o
                0x08008078                vTaskInternalSetTimeOutState
 .text.xTaskCheckForTimeOut
                0x080080a4       0x94 ./FreeRTOS/Source/tasks.o
                0x080080a4                xTaskCheckForTimeOut
 .text.vTaskMissedYield
                0x08008138       0x18 ./FreeRTOS/Source/tasks.o
                0x08008138                vTaskMissedYield
 .text.prvIdleTask
                0x08008150       0x30 ./FreeRTOS/Source/tasks.o
 .text.prvInitialiseTaskLists
                0x08008180       0x80 ./FreeRTOS/Source/tasks.o
 .text.prvCheckTasksWaitingTermination
                0x08008200       0x5c ./FreeRTOS/Source/tasks.o
 .text.prvDeleteTCB
                0x0800825c       0x20 ./FreeRTOS/Source/tasks.o
 .text.prvResetNextTaskUnblockTime
                0x0800827c       0x38 ./FreeRTOS/Source/tasks.o
 .text.xTaskPriorityInherit
                0x080082b4      0x13c ./FreeRTOS/Source/tasks.o
                0x080082b4                xTaskPriorityInherit
 .text.xTaskPriorityDisinherit
                0x080083f0      0x104 ./FreeRTOS/Source/tasks.o
                0x080083f0                xTaskPriorityDisinherit
 .text.vTaskPriorityDisinheritAfterTimeout
                0x080084f4      0x12c ./FreeRTOS/Source/tasks.o
                0x080084f4                vTaskPriorityDisinheritAfterTimeout
 .text.pvTaskIncrementMutexHeldCount
                0x08008620       0x28 ./FreeRTOS/Source/tasks.o
                0x08008620                pvTaskIncrementMutexHeldCount
 .text.ulTaskGenericNotifyTake
                0x08008648       0xb4 ./FreeRTOS/Source/tasks.o
                0x08008648                ulTaskGenericNotifyTake
 .text.vTaskGenericNotifyGiveFromISR
                0x080086fc      0x1b4 ./FreeRTOS/Source/tasks.o
                0x080086fc                vTaskGenericNotifyGiveFromISR
 .text.prvAddCurrentTaskToDelayedList
                0x080088b0      0x100 ./FreeRTOS/Source/tasks.o
 .text.xTimerCreateTimerTask
                0x080089b0       0x48 ./FreeRTOS/Source/timers.o
                0x080089b0                xTimerCreateTimerTask
 .text.prvReloadTimer
                0x080089f8       0x42 ./FreeRTOS/Source/timers.o
 *fill*         0x08008a3a        0x2 
 .text.prvProcessExpiredTimer
                0x08008a3c       0x60 ./FreeRTOS/Source/timers.o
 .text.prvTimerTask
                0x08008a9c       0x26 ./FreeRTOS/Source/timers.o
 *fill*         0x08008ac2        0x2 
 .text.prvProcessTimerOrBlockTask
                0x08008ac4       0x9c ./FreeRTOS/Source/timers.o
 .text.prvGetNextExpireTime
                0x08008b60       0x48 ./FreeRTOS/Source/timers.o
 .text.prvSampleTimeNow
                0x08008ba8       0x40 ./FreeRTOS/Source/timers.o
 .text.prvInsertTimerInActiveList
                0x08008be8       0x84 ./FreeRTOS/Source/timers.o
 .text.prvProcessReceivedCommands
                0x08008c6c      0x160 ./FreeRTOS/Source/timers.o
 .text.prvSwitchTimerLists
                0x08008dcc       0x4c ./FreeRTOS/Source/timers.o
 .text.prvCheckForValidListAndQueue
                0x08008e18       0x6c ./FreeRTOS/Source/timers.o
 .text.pxPortInitialiseStack
                0x08008e84       0x68 ./FreeRTOS/Source/portable/GCC/ARM_CM4F/port.o
                0x08008e84                pxPortInitialiseStack
 .text.prvTaskExitError
                0x08008eec       0x34 ./FreeRTOS/Source/portable/GCC/ARM_CM4F/port.o
 .text.SVC_Handler
                0x08008f20       0x28 ./FreeRTOS/Source/portable/GCC/ARM_CM4F/port.o
                0x08008f20                SVC_Handler
 .text.prvPortStartFirstTask
                0x08008f48       0x2c ./FreeRTOS/Source/portable/GCC/ARM_CM4F/port.o
 .text.xPortStartScheduler
                0x08008f74       0xd4 ./FreeRTOS/Source/portable/GCC/ARM_CM4F/port.o
                0x08008f74                xPortStartScheduler
 .text.vPortEnterCritical
                0x08009048       0x34 ./FreeRTOS/Source/portable/GCC/ARM_CM4F/port.o
                0x08009048                vPortEnterCritical
 .text.vPortExitCritical
                0x0800907c       0x34 ./FreeRTOS/Source/portable/GCC/ARM_CM4F/port.o
                0x0800907c                vPortExitCritical
 .text.PendSV_Handler
                0x080090b0       0x68 ./FreeRTOS/Source/portable/GCC/ARM_CM4F/port.o
                0x080090b0                PendSV_Handler
 .text.SysTick_Handler
                0x08009118       0x44 ./FreeRTOS/Source/portable/GCC/ARM_CM4F/port.o
                0x08009118                SysTick_Handler
 .text.vPortSetupTimerInterrupt
                0x0800915c       0x48 ./FreeRTOS/Source/portable/GCC/ARM_CM4F/port.o
                0x0800915c                vPortSetupTimerInterrupt
 .text.vPortEnableVFP
                0x080091a4       0x18 ./FreeRTOS/Source/portable/GCC/ARM_CM4F/port.o
 .text.vPortValidateInterruptPriority
                0x080091bc       0x2c ./FreeRTOS/Source/portable/GCC/ARM_CM4F/port.o
                0x080091bc                vPortValidateInterruptPriority
 .text.pvPortMalloc
                0x080091e8      0x134 ./FreeRTOS/Source/portable/MemMang/heap_4.o
                0x080091e8                pvPortMalloc
 .text.vPortFree
                0x0800931c       0x7c ./FreeRTOS/Source/portable/MemMang/heap_4.o
                0x0800931c                vPortFree
 .text.prvHeapInit
                0x08009398       0xb8 ./FreeRTOS/Source/portable/MemMang/heap_4.o
 .text.prvInsertBlockIntoFreeList
                0x08009450       0xb4 ./FreeRTOS/Source/portable/MemMang/heap_4.o
 .text.USBD_CDC_Init
                0x08009504      0x1f0 ./Middlewares/ST/STM32_USB_Device_Library/Class/CDC/Src/usbd_cdc.o
 .text.USBD_CDC_DeInit
                0x080096f4      0x104 ./Middlewares/ST/STM32_USB_Device_Library/Class/CDC/Src/usbd_cdc.o
 .text.USBD_CDC_Setup
                0x080097f8      0x1b8 ./Middlewares/ST/STM32_USB_Device_Library/Class/CDC/Src/usbd_cdc.o
 .text.USBD_CDC_DataIn
                0x080099b0       0xfe ./Middlewares/ST/STM32_USB_Device_Library/Class/CDC/Src/usbd_cdc.o
 .text.USBD_CDC_DataOut
                0x08009aae       0x70 ./Middlewares/ST/STM32_USB_Device_Library/Class/CDC/Src/usbd_cdc.o
 .text.USBD_CDC_EP0_RxReady
                0x08009b1e       0x74 ./Middlewares/ST/STM32_USB_Device_Library/Class/CDC/Src/usbd_cdc.o
 *fill*         0x08009b92        0x2 
 .text.USBD_CDC_GetFSCfgDesc
                0x08009b94       0x70 ./Middlewares/ST/STM32_USB_Device_Library/Class/CDC/Src/usbd_cdc.o
 .text.USBD_CDC_GetHSCfgDesc
                0x08009c04       0x70 ./Middlewares/ST/STM32_USB_Device_Library/Class/CDC/Src/usbd_cdc.o
 .text.USBD_CDC_GetOtherSpeedCfgDesc
                0x08009c74       0x70 ./Middlewares/ST/STM32_USB_Device_Library/Class/CDC/Src/usbd_cdc.o
 .text.USBD_CDC_GetDeviceQualifierDescriptor
                0x08009ce4       0x20 ./Middlewares/ST/STM32_USB_Device_Library/Class/CDC/Src/usbd_cdc.o
                0x08009ce4                USBD_CDC_GetDeviceQualifierDescriptor
 .text.USBD_CDC_RegisterInterface
                0x08009d04       0x34 ./Middlewares/ST/STM32_USB_Device_Library/Class/CDC/Src/usbd_cdc.o
                0x08009d04                USBD_CDC_RegisterInterface
 .text.USBD_CDC_SetTxBuffer
                0x08009d38       0x44 ./Middlewares/ST/STM32_USB_Device_Library/Class/CDC/Src/usbd_cdc.o
                0x08009d38                USBD_CDC_SetTxBuffer
 .text.USBD_CDC_SetRxBuffer
                0x08009d7c       0x3a ./Middlewares/ST/STM32_USB_Device_Library/Class/CDC/Src/usbd_cdc.o
                0x08009d7c                USBD_CDC_SetRxBuffer
 *fill*         0x08009db6        0x2 
 .text.USBD_CDC_TransmitPacket
                0x08009db8       0x80 ./Middlewares/ST/STM32_USB_Device_Library/Class/CDC/Src/usbd_cdc.o
                0x08009db8                USBD_CDC_TransmitPacket
 .text.USBD_CDC_ReceivePacket
                0x08009e38       0x6c ./Middlewares/ST/STM32_USB_Device_Library/Class/CDC/Src/usbd_cdc.o
                0x08009e38                USBD_CDC_ReceivePacket
 .text.USBD_Init
                0x08009ea4       0x60 ./Middlewares/ST/STM32_USB_Device_Library/Core/Src/usbd_core.o
                0x08009ea4                USBD_Init
 .text.USBD_RegisterClass
                0x08009f04       0x6c ./Middlewares/ST/STM32_USB_Device_Library/Core/Src/usbd_core.o
                0x08009f04                USBD_RegisterClass
 .text.USBD_Start
                0x08009f70       0x18 ./Middlewares/ST/STM32_USB_Device_Library/Core/Src/usbd_core.o
                0x08009f70                USBD_Start
 .text.USBD_RunTestMode
                0x08009f88       0x16 ./Middlewares/ST/STM32_USB_Device_Library/Core/Src/usbd_core.o
                0x08009f88                USBD_RunTestMode
 .text.USBD_SetClassConfig
                0x08009f9e       0x38 ./Middlewares/ST/STM32_USB_Device_Library/Core/Src/usbd_core.o
                0x08009f9e                USBD_SetClassConfig
 .text.USBD_ClrClassConfig
                0x08009fd6       0x34 ./Middlewares/ST/STM32_USB_Device_Library/Core/Src/usbd_core.o
                0x08009fd6                USBD_ClrClassConfig
 .text.USBD_LL_SetupStage
                0x0800a00a       0xaa ./Middlewares/ST/STM32_USB_Device_Library/Core/Src/usbd_core.o
                0x0800a00a                USBD_LL_SetupStage
 .text.USBD_LL_DataOutStage
                0x0800a0b4      0x166 ./Middlewares/ST/STM32_USB_Device_Library/Core/Src/usbd_core.o
                0x0800a0b4                USBD_LL_DataOutStage
 .text.USBD_LL_DataInStage
                0x0800a21a      0x164 ./Middlewares/ST/STM32_USB_Device_Library/Core/Src/usbd_core.o
                0x0800a21a                USBD_LL_DataInStage
 .text.USBD_LL_Reset
                0x0800a37e       0xa4 ./Middlewares/ST/STM32_USB_Device_Library/Core/Src/usbd_core.o
                0x0800a37e                USBD_LL_Reset
 .text.USBD_LL_SetSpeed
                0x0800a422       0x20 ./Middlewares/ST/STM32_USB_Device_Library/Core/Src/usbd_core.o
                0x0800a422                USBD_LL_SetSpeed
 .text.USBD_LL_Suspend
                0x0800a442       0x38 ./Middlewares/ST/STM32_USB_Device_Library/Core/Src/usbd_core.o
                0x0800a442                USBD_LL_Suspend
 .text.USBD_LL_Resume
                0x0800a47a       0x30 ./Middlewares/ST/STM32_USB_Device_Library/Core/Src/usbd_core.o
                0x0800a47a                USBD_LL_Resume
 .text.USBD_LL_SOF
                0x0800a4aa       0x40 ./Middlewares/ST/STM32_USB_Device_Library/Core/Src/usbd_core.o
                0x0800a4aa                USBD_LL_SOF
 .text.USBD_LL_IsoINIncomplete
                0x0800a4ea       0x64 ./Middlewares/ST/STM32_USB_Device_Library/Core/Src/usbd_core.o
                0x0800a4ea                USBD_LL_IsoINIncomplete
 .text.USBD_LL_IsoOUTIncomplete
                0x0800a54e       0x64 ./Middlewares/ST/STM32_USB_Device_Library/Core/Src/usbd_core.o
                0x0800a54e                USBD_LL_IsoOUTIncomplete
 .text.USBD_LL_DevConnected
                0x0800a5b2       0x16 ./Middlewares/ST/STM32_USB_Device_Library/Core/Src/usbd_core.o
                0x0800a5b2                USBD_LL_DevConnected
 .text.USBD_LL_DevDisconnected
                0x0800a5c8       0x46 ./Middlewares/ST/STM32_USB_Device_Library/Core/Src/usbd_core.o
                0x0800a5c8                USBD_LL_DevDisconnected
 .text.USBD_CoreFindIF
                0x0800a60e       0x1a ./Middlewares/ST/STM32_USB_Device_Library/Core/Src/usbd_core.o
                0x0800a60e                USBD_CoreFindIF
 .text.USBD_CoreFindEP
                0x0800a628       0x1a ./Middlewares/ST/STM32_USB_Device_Library/Core/Src/usbd_core.o
                0x0800a628                USBD_CoreFindEP
 .text.USBD_GetEpDesc
                0x0800a642       0x70 ./Middlewares/ST/STM32_USB_Device_Library/Core/Src/usbd_core.o
                0x0800a642                USBD_GetEpDesc
 .text.USBD_GetNextDesc
                0x0800a6b2       0x38 ./Middlewares/ST/STM32_USB_Device_Library/Core/Src/usbd_core.o
                0x0800a6b2                USBD_GetNextDesc
 .text.SWAPBYTE
                0x0800a6ea       0x3c ./Middlewares/ST/STM32_USB_Device_Library/Core/Src/usbd_ctlreq.o
 *fill*         0x0800a726        0x2 
 .text.USBD_StdDevReq
                0x0800a728       0xe4 ./Middlewares/ST/STM32_USB_Device_Library/Core/Src/usbd_ctlreq.o
                0x0800a728                USBD_StdDevReq
 .text.USBD_StdItfReq
                0x0800a80c       0xd8 ./Middlewares/ST/STM32_USB_Device_Library/Core/Src/usbd_ctlreq.o
                0x0800a80c                USBD_StdItfReq
 .text.USBD_StdEPReq
                0x0800a8e4      0x33a ./Middlewares/ST/STM32_USB_Device_Library/Core/Src/usbd_ctlreq.o
                0x0800a8e4                USBD_StdEPReq
 *fill*         0x0800ac1e        0x2 
 .text.USBD_GetDescriptor
                0x0800ac20      0x2d4 ./Middlewares/ST/STM32_USB_Device_Library/Core/Src/usbd_ctlreq.o
 .text.USBD_SetAddress
                0x0800aef4       0x88 ./Middlewares/ST/STM32_USB_Device_Library/Core/Src/usbd_ctlreq.o
 .text.USBD_SetConfig
                0x0800af7c      0x154 ./Middlewares/ST/STM32_USB_Device_Library/Core/Src/usbd_ctlreq.o
 .text.USBD_GetConfig
                0x0800b0d0       0x6c ./Middlewares/ST/STM32_USB_Device_Library/Core/Src/usbd_ctlreq.o
 .text.USBD_GetStatus
                0x0800b13c       0x68 ./Middlewares/ST/STM32_USB_Device_Library/Core/Src/usbd_ctlreq.o
 .text.USBD_SetFeature
                0x0800b1a4       0x52 ./Middlewares/ST/STM32_USB_Device_Library/Core/Src/usbd_ctlreq.o
 .text.USBD_ClrFeature
                0x0800b1f6       0x44 ./Middlewares/ST/STM32_USB_Device_Library/Core/Src/usbd_ctlreq.o
 .text.USBD_ParseSetupRequest
                0x0800b23a       0x74 ./Middlewares/ST/STM32_USB_Device_Library/Core/Src/usbd_ctlreq.o
                0x0800b23a                USBD_ParseSetupRequest
 .text.USBD_CtlError
                0x0800b2ae       0x22 ./Middlewares/ST/STM32_USB_Device_Library/Core/Src/usbd_ctlreq.o
                0x0800b2ae                USBD_CtlError
 .text.USBD_GetString
                0x0800b2d0       0xa4 ./Middlewares/ST/STM32_USB_Device_Library/Core/Src/usbd_ctlreq.o
                0x0800b2d0                USBD_GetString
 .text.USBD_GetLen
                0x0800b374       0x34 ./Middlewares/ST/STM32_USB_Device_Library/Core/Src/usbd_ctlreq.o
 .text.USBD_CtlSendData
                0x0800b3a8       0x36 ./Middlewares/ST/STM32_USB_Device_Library/Core/Src/usbd_ioreq.o
                0x0800b3a8                USBD_CtlSendData
 .text.USBD_CtlContinueSendData
                0x0800b3de       0x22 ./Middlewares/ST/STM32_USB_Device_Library/Core/Src/usbd_ioreq.o
                0x0800b3de                USBD_CtlContinueSendData
 .text.USBD_CtlPrepareRx
                0x0800b400       0x3a ./Middlewares/ST/STM32_USB_Device_Library/Core/Src/usbd_ioreq.o
                0x0800b400                USBD_CtlPrepareRx
 .text.USBD_CtlContinueRx
                0x0800b43a       0x22 ./Middlewares/ST/STM32_USB_Device_Library/Core/Src/usbd_ioreq.o
                0x0800b43a                USBD_CtlContinueRx
 .text.USBD_CtlSendStatus
                0x0800b45c       0x26 ./Middlewares/ST/STM32_USB_Device_Library/Core/Src/usbd_ioreq.o
                0x0800b45c                USBD_CtlSendStatus
 .text.USBD_CtlReceiveStatus
                0x0800b482       0x26 ./Middlewares/ST/STM32_USB_Device_Library/Core/Src/usbd_ioreq.o
                0x0800b482                USBD_CtlReceiveStatus
 .text.MX_USB_DEVICE_Init
                0x0800b4a8       0x60 ./USB_DEVICE/App/usb_device.o
                0x0800b4a8                MX_USB_DEVICE_Init
 .text.CDC_Init_FS
                0x0800b508       0x28 ./USB_DEVICE/App/usbd_cdc_if.o
 .text.CDC_DeInit_FS
                0x0800b530       0x10 ./USB_DEVICE/App/usbd_cdc_if.o
 .text.CDC_Control_FS
                0x0800b540       0xbc ./USB_DEVICE/App/usbd_cdc_if.o
 .text.CDC_Receive_FS
                0x0800b5fc       0x7c ./USB_DEVICE/App/usbd_cdc_if.o
 .text.CDC_Transmit_FS
                0x0800b678       0x4c ./USB_DEVICE/App/usbd_cdc_if.o
                0x0800b678                CDC_Transmit_FS
 .text.CDC_TransmitCplt_FS
                0x0800b6c4       0x22 ./USB_DEVICE/App/usbd_cdc_if.o
 *fill*         0x0800b6e6        0x2 
 .text.USBD_FS_DeviceDescriptor
                0x0800b6e8       0x24 ./USB_DEVICE/App/usbd_desc.o
                0x0800b6e8                USBD_FS_DeviceDescriptor
 .text.USBD_FS_LangIDStrDescriptor
                0x0800b70c       0x24 ./USB_DEVICE/App/usbd_desc.o
                0x0800b70c                USBD_FS_LangIDStrDescriptor
 .text.USBD_FS_ProductStrDescriptor
                0x0800b730       0x3c ./USB_DEVICE/App/usbd_desc.o
                0x0800b730                USBD_FS_ProductStrDescriptor
 .text.USBD_FS_ManufacturerStrDescriptor
                0x0800b76c       0x28 ./USB_DEVICE/App/usbd_desc.o
                0x0800b76c                USBD_FS_ManufacturerStrDescriptor
 .text.USBD_FS_SerialStrDescriptor
                0x0800b794       0x24 ./USB_DEVICE/App/usbd_desc.o
                0x0800b794                USBD_FS_SerialStrDescriptor
 .text.USBD_FS_ConfigStrDescriptor
                0x0800b7b8       0x3c ./USB_DEVICE/App/usbd_desc.o
                0x0800b7b8                USBD_FS_ConfigStrDescriptor
 .text.USBD_FS_InterfaceStrDescriptor
                0x0800b7f4       0x3c ./USB_DEVICE/App/usbd_desc.o
                0x0800b7f4                USBD_FS_InterfaceStrDescriptor
 .text.Get_SerialNum
                0x0800b830       0x58 ./USB_DEVICE/App/usbd_desc.o
 .text.IntToUnicode
                0x0800b888       0x7e ./USB_DEVICE/App/usbd_desc.o
 *fill*         0x0800b906        0x2 
 .text.HAL_PCD_MspInit
                0x0800b908       0xc4 ./USB_DEVICE/Target/usbd_conf.o
                0x0800b908                HAL_PCD_MspInit
 .text.HAL_PCD_SetupStageCallback
                0x0800b9cc       0x24 ./USB_DEVICE/Target/usbd_conf.o
                0x0800b9cc                HAL_PCD_SetupStageCallback
 .text.HAL_PCD_DataOutStageCallback
                0x0800b9f0       0x36 ./USB_DEVICE/Target/usbd_conf.o
                0x0800b9f0                HAL_PCD_DataOutStageCallback
 .text.HAL_PCD_DataInStageCallback
                0x0800ba26       0x34 ./USB_DEVICE/Target/usbd_conf.o
                0x0800ba26                HAL_PCD_DataInStageCallback
 .text.HAL_PCD_SOFCallback
                0x0800ba5a       0x1c ./USB_DEVICE/Target/usbd_conf.o
                0x0800ba5a                HAL_PCD_SOFCallback
 .text.HAL_PCD_ResetCallback
                0x0800ba76       0x3c ./USB_DEVICE/Target/usbd_conf.o
                0x0800ba76                HAL_PCD_ResetCallback
 *fill*         0x0800bab2        0x2 
 .text.HAL_PCD_SuspendCallback
                0x0800bab4       0x4c ./USB_DEVICE/Target/usbd_conf.o
                0x0800bab4                HAL_PCD_SuspendCallback
 .text.HAL_PCD_ResumeCallback
                0x0800bb00       0x1c ./USB_DEVICE/Target/usbd_conf.o
                0x0800bb00                HAL_PCD_ResumeCallback
 .text.HAL_PCD_ISOOUTIncompleteCallback
                0x0800bb1c       0x24 ./USB_DEVICE/Target/usbd_conf.o
                0x0800bb1c                HAL_PCD_ISOOUTIncompleteCallback
 .text.HAL_PCD_ISOINIncompleteCallback
                0x0800bb40       0x24 ./USB_DEVICE/Target/usbd_conf.o
                0x0800bb40                HAL_PCD_ISOINIncompleteCallback
 .text.HAL_PCD_ConnectCallback
                0x0800bb64       0x1c ./USB_DEVICE/Target/usbd_conf.o
                0x0800bb64                HAL_PCD_ConnectCallback
 .text.HAL_PCD_DisconnectCallback
                0x0800bb80       0x1c ./USB_DEVICE/Target/usbd_conf.o
                0x0800bb80                HAL_PCD_DisconnectCallback
 .text.USBD_LL_Init
                0x0800bb9c       0x98 ./USB_DEVICE/Target/usbd_conf.o
                0x0800bb9c                USBD_LL_Init
 .text.USBD_LL_Start
                0x0800bc34       0x36 ./USB_DEVICE/Target/usbd_conf.o
                0x0800bc34                USBD_LL_Start
 .text.USBD_LL_OpenEP
                0x0800bc6a       0x4c ./USB_DEVICE/Target/usbd_conf.o
                0x0800bc6a                USBD_LL_OpenEP
 .text.USBD_LL_CloseEP
                0x0800bcb6       0x3e ./USB_DEVICE/Target/usbd_conf.o
                0x0800bcb6                USBD_LL_CloseEP
 .text.USBD_LL_StallEP
                0x0800bcf4       0x3e ./USB_DEVICE/Target/usbd_conf.o
                0x0800bcf4                USBD_LL_StallEP
 .text.USBD_LL_ClearStallEP
                0x0800bd32       0x3e ./USB_DEVICE/Target/usbd_conf.o
                0x0800bd32                USBD_LL_ClearStallEP
 .text.USBD_LL_IsStallEP
                0x0800bd70       0x58 ./USB_DEVICE/Target/usbd_conf.o
                0x0800bd70                USBD_LL_IsStallEP
 .text.USBD_LL_SetUSBAddress
                0x0800bdc8       0x3e ./USB_DEVICE/Target/usbd_conf.o
                0x0800bdc8                USBD_LL_SetUSBAddress
 .text.USBD_LL_Transmit
                0x0800be06       0x42 ./USB_DEVICE/Target/usbd_conf.o
                0x0800be06                USBD_LL_Transmit
 .text.USBD_LL_PrepareReceive
                0x0800be48       0x42 ./USB_DEVICE/Target/usbd_conf.o
                0x0800be48                USBD_LL_PrepareReceive
 .text.USBD_LL_GetRxDataSize
                0x0800be8a       0x26 ./USB_DEVICE/Target/usbd_conf.o
                0x0800be8a                USBD_LL_GetRxDataSize
 .text.USBD_static_malloc
                0x0800beb0       0x1c ./USB_DEVICE/Target/usbd_conf.o
                0x0800beb0                USBD_static_malloc
 .text.USBD_static_free
                0x0800becc       0x14 ./USB_DEVICE/Target/usbd_conf.o
                0x0800becc                USBD_static_free
 .text.USBD_Get_USB_Status
                0x0800bee0       0x58 ./USB_DEVICE/Target/usbd_conf.o
                0x0800bee0                USBD_Get_USB_Status
 .text.std      0x0800bf38       0x6c C:/ST/STM32CubeIDE_1.16.1/STM32CubeIDE/plugins/com.st.stm32cube.ide.mcu.externaltools.gnu-tools-for-stm32.12.3.rel1.win32_1.1.0.202410251130/tools/bin/../lib/gcc/arm-none-eabi/12.3.1/../../../../arm-none-eabi/lib/thumb/v7e-m+fp/hard\libc_nano.a(libc_a-findfp.o)
 .text.stdio_exit_handler
                0x0800bfa4       0x18 C:/ST/STM32CubeIDE_1.16.1/STM32CubeIDE/plugins/com.st.stm32cube.ide.mcu.externaltools.gnu-tools-for-stm32.12.3.rel1.win32_1.1.0.202410251130/tools/bin/../lib/gcc/arm-none-eabi/12.3.1/../../../../arm-none-eabi/lib/thumb/v7e-m+fp/hard\libc_nano.a(libc_a-findfp.o)
 .text.cleanup_stdio
                0x0800bfbc       0x40 C:/ST/STM32CubeIDE_1.16.1/STM32CubeIDE/plugins/com.st.stm32cube.ide.mcu.externaltools.gnu-tools-for-stm32.12.3.rel1.win32_1.1.0.202410251130/tools/bin/../lib/gcc/arm-none-eabi/12.3.1/../../../../arm-none-eabi/lib/thumb/v7e-m+fp/hard\libc_nano.a(libc_a-findfp.o)
 .text.global_stdio_init.part.0
                0x0800bffc       0x3c C:/ST/STM32CubeIDE_1.16.1/STM32CubeIDE/plugins/com.st.stm32cube.ide.mcu.externaltools.gnu-tools-for-stm32.12.3.rel1.win32_1.1.0.202410251130/tools/bin/../lib/gcc/arm-none-eabi/12.3.1/../../../../arm-none-eabi/lib/thumb/v7e-m+fp/hard\libc_nano.a(libc_a-findfp.o)
 .text.__sfp_lock_acquire
                0x0800c038        0xc C:/ST/STM32CubeIDE_1.16.1/STM32CubeIDE/plugins/com.st.stm32cube.ide.mcu.externaltools.gnu-tools-for-stm32.12.3.rel1.win32_1.1.0.202410251130/tools/bin/../lib/gcc/arm-none-eabi/12.3.1/../../../../arm-none-eabi/lib/thumb/v7e-m+fp/hard\libc_nano.a(libc_a-findfp.o)
                0x0800c038                __sfp_lock_acquire
 .text.__sfp_lock_release
                0x0800c044        0xc C:/ST/STM32CubeIDE_1.16.1/STM32CubeIDE/plugins/com.st.stm32cube.ide.mcu.externaltools.gnu-tools-for-stm32.12.3.rel1.win32_1.1.0.202410251130/tools/bin/../lib/gcc/arm-none-eabi/12.3.1/../../../../arm-none-eabi/lib/thumb/v7e-m+fp/hard\libc_nano.a(libc_a-findfp.o)
                0x0800c044                __sfp_lock_release
 .text.__sinit  0x0800c050       0x30 C:/ST/STM32CubeIDE_1.16.1/STM32CubeIDE/plugins/com.st.stm32cube.ide.mcu.externaltools.gnu-tools-for-stm32.12.3.rel1.win32_1.1.0.202410251130/tools/bin/../lib/gcc/arm-none-eabi/12.3.1/../../../../arm-none-eabi/lib/thumb/v7e-m+fp/hard\libc_nano.a(libc_a-findfp.o)
                0x0800c050                __sinit
 .text._fwalk_sglue
                0x0800c080       0x3c C:/ST/STM32CubeIDE_1.16.1/STM32CubeIDE/plugins/com.st.stm32cube.ide.mcu.externaltools.gnu-tools-for-stm32.12.3.rel1.win32_1.1.0.202410251130/tools/bin/../lib/gcc/arm-none-eabi/12.3.1/../../../../arm-none-eabi/lib/thumb/v7e-m+fp/hard\libc_nano.a(libc_a-fwalk.o)
                0x0800c080                _fwalk_sglue
 .text._puts_r  0x0800c0bc       0xaa C:/ST/STM32CubeIDE_1.16.1/STM32CubeIDE/plugins/com.st.stm32cube.ide.mcu.externaltools.gnu-tools-for-stm32.12.3.rel1.win32_1.1.0.202410251130/tools/bin/../lib/gcc/arm-none-eabi/12.3.1/../../../../arm-none-eabi/lib/thumb/v7e-m+fp/hard\libc_nano.a(libc_a-puts.o)
                0x0800c0bc                _puts_r
 *fill*         0x0800c166        0x2 
 .text.puts     0x0800c168       0x10 C:/ST/STM32CubeIDE_1.16.1/STM32CubeIDE/plugins/com.st.stm32cube.ide.mcu.externaltools.gnu-tools-for-stm32.12.3.rel1.win32_1.1.0.202410251130/tools/bin/../lib/gcc/arm-none-eabi/12.3.1/../../../../arm-none-eabi/lib/thumb/v7e-m+fp/hard\libc_nano.a(libc_a-puts.o)
                0x0800c168                puts
 .text.__sread  0x0800c178       0x22 C:/ST/STM32CubeIDE_1.16.1/STM32CubeIDE/plugins/com.st.stm32cube.ide.mcu.externaltools.gnu-tools-for-stm32.12.3.rel1.win32_1.1.0.202410251130/tools/bin/../lib/gcc/arm-none-eabi/12.3.1/../../../../arm-none-eabi/lib/thumb/v7e-m+fp/hard\libc_nano.a(libc_a-stdio.o)
                0x0800c178                __sread
 .text.__swrite
                0x0800c19a       0x38 C:/ST/STM32CubeIDE_1.16.1/STM32CubeIDE/plugins/com.st.stm32cube.ide.mcu.externaltools.gnu-tools-for-stm32.12.3.rel1.win32_1.1.0.202410251130/tools/bin/../lib/gcc/arm-none-eabi/12.3.1/../../../../arm-none-eabi/lib/thumb/v7e-m+fp/hard\libc_nano.a(libc_a-stdio.o)
                0x0800c19a                __swrite
 .text.__sseek  0x0800c1d2       0x24 C:/ST/STM32CubeIDE_1.16.1/STM32CubeIDE/plugins/com.st.stm32cube.ide.mcu.externaltools.gnu-tools-for-stm32.12.3.rel1.win32_1.1.0.202410251130/tools/bin/../lib/gcc/arm-none-eabi/12.3.1/../../../../arm-none-eabi/lib/thumb/v7e-m+fp/hard\libc_nano.a(libc_a-stdio.o)
                0x0800c1d2                __sseek
 .text.__sclose
                0x0800c1f6        0x8 C:/ST/STM32CubeIDE_1.16.1/STM32CubeIDE/plugins/com.st.stm32cube.ide.mcu.externaltools.gnu-tools-for-stm32.12.3.rel1.win32_1.1.0.202410251130/tools/bin/../lib/gcc/arm-none-eabi/12.3.1/../../../../arm-none-eabi/lib/thumb/v7e-m+fp/hard\libc_nano.a(libc_a-stdio.o)
                0x0800c1f6                __sclose
 .text.__swbuf_r
                0x0800c1fe       0x7c C:/ST/STM32CubeIDE_1.16.1/STM32CubeIDE/plugins/com.st.stm32cube.ide.mcu.externaltools.gnu-tools-for-stm32.12.3.rel1.win32_1.1.0.202410251130/tools/bin/../lib/gcc/arm-none-eabi/12.3.1/../../../../arm-none-eabi/lib/thumb/v7e-m+fp/hard\libc_nano.a(libc_a-wbuf.o)
                0x0800c1fe                __swbuf_r
 *fill*         0x0800c27a        0x2 
 .text.__swsetup_r
                0x0800c27c       0xac C:/ST/STM32CubeIDE_1.16.1/STM32CubeIDE/plugins/com.st.stm32cube.ide.mcu.externaltools.gnu-tools-for-stm32.12.3.rel1.win32_1.1.0.202410251130/tools/bin/../lib/gcc/arm-none-eabi/12.3.1/../../../../arm-none-eabi/lib/thumb/v7e-m+fp/hard\libc_nano.a(libc_a-wsetup.o)
                0x0800c27c                __swsetup_r
 .text.memcmp   0x0800c328       0x20 C:/ST/STM32CubeIDE_1.16.1/STM32CubeIDE/plugins/com.st.stm32cube.ide.mcu.externaltools.gnu-tools-for-stm32.12.3.rel1.win32_1.1.0.202410251130/tools/bin/../lib/gcc/arm-none-eabi/12.3.1/../../../../arm-none-eabi/lib/thumb/v7e-m+fp/hard\libc_nano.a(libc_a-memcmp.o)
                0x0800c328                memcmp
 .text.memset   0x0800c348       0x10 C:/ST/STM32CubeIDE_1.16.1/STM32CubeIDE/plugins/com.st.stm32cube.ide.mcu.externaltools.gnu-tools-for-stm32.12.3.rel1.win32_1.1.0.202410251130/tools/bin/../lib/gcc/arm-none-eabi/12.3.1/../../../../arm-none-eabi/lib/thumb/v7e-m+fp/hard\libc_nano.a(libc_a-memset.o)
                0x0800c348                memset
 .text._close_r
                0x0800c358       0x20 C:/ST/STM32CubeIDE_1.16.1/STM32CubeIDE/plugins/com.st.stm32cube.ide.mcu.externaltools.gnu-tools-for-stm32.12.3.rel1.win32_1.1.0.202410251130/tools/bin/../lib/gcc/arm-none-eabi/12.3.1/../../../../arm-none-eabi/lib/thumb/v7e-m+fp/hard\libc_nano.a(libc_a-closer.o)
                0x0800c358                _close_r
 .text._lseek_r
                0x0800c378       0x24 C:/ST/STM32CubeIDE_1.16.1/STM32CubeIDE/plugins/com.st.stm32cube.ide.mcu.externaltools.gnu-tools-for-stm32.12.3.rel1.win32_1.1.0.202410251130/tools/bin/../lib/gcc/arm-none-eabi/12.3.1/../../../../arm-none-eabi/lib/thumb/v7e-m+fp/hard\libc_nano.a(libc_a-lseekr.o)
                0x0800c378                _lseek_r
 .text._read_r  0x0800c39c       0x24 C:/ST/STM32CubeIDE_1.16.1/STM32CubeIDE/plugins/com.st.stm32cube.ide.mcu.externaltools.gnu-tools-for-stm32.12.3.rel1.win32_1.1.0.202410251130/tools/bin/../lib/gcc/arm-none-eabi/12.3.1/../../../../arm-none-eabi/lib/thumb/v7e-m+fp/hard\libc_nano.a(libc_a-readr.o)
                0x0800c39c                _read_r
 .text._write_r
                0x0800c3c0       0x24 C:/ST/STM32CubeIDE_1.16.1/STM32CubeIDE/plugins/com.st.stm32cube.ide.mcu.externaltools.gnu-tools-for-stm32.12.3.rel1.win32_1.1.0.202410251130/tools/bin/../lib/gcc/arm-none-eabi/12.3.1/../../../../arm-none-eabi/lib/thumb/v7e-m+fp/hard\libc_nano.a(libc_a-writer.o)
                0x0800c3c0                _write_r
 .text.__errno  0x0800c3e4        0xc C:/ST/STM32CubeIDE_1.16.1/STM32CubeIDE/plugins/com.st.stm32cube.ide.mcu.externaltools.gnu-tools-for-stm32.12.3.rel1.win32_1.1.0.202410251130/tools/bin/../lib/gcc/arm-none-eabi/12.3.1/../../../../arm-none-eabi/lib/thumb/v7e-m+fp/hard\libc_nano.a(libc_a-errno.o)
                0x0800c3e4                __errno
 .text.__libc_init_array
                0x0800c3f0       0x48 C:/ST/STM32CubeIDE_1.16.1/STM32CubeIDE/plugins/com.st.stm32cube.ide.mcu.externaltools.gnu-tools-for-stm32.12.3.rel1.win32_1.1.0.202410251130/tools/bin/../lib/gcc/arm-none-eabi/12.3.1/../../../../arm-none-eabi/lib/thumb/v7e-m+fp/hard\libc_nano.a(libc_a-init.o)
                0x0800c3f0                __libc_init_array
 .text.__retarget_lock_init_recursive
                0x0800c438        0x2 C:/ST/STM32CubeIDE_1.16.1/STM32CubeIDE/plugins/com.st.stm32cube.ide.mcu.externaltools.gnu-tools-for-stm32.12.3.rel1.win32_1.1.0.202410251130/tools/bin/../lib/gcc/arm-none-eabi/12.3.1/../../../../arm-none-eabi/lib/thumb/v7e-m+fp/hard\libc_nano.a(libc_a-lock.o)
                0x0800c438                __retarget_lock_init_recursive
 .text.__retarget_lock_acquire_recursive
                0x0800c43a        0x2 C:/ST/STM32CubeIDE_1.16.1/STM32CubeIDE/plugins/com.st.stm32cube.ide.mcu.externaltools.gnu-tools-for-stm32.12.3.rel1.win32_1.1.0.202410251130/tools/bin/../lib/gcc/arm-none-eabi/12.3.1/../../../../arm-none-eabi/lib/thumb/v7e-m+fp/hard\libc_nano.a(libc_a-lock.o)
                0x0800c43a                __retarget_lock_acquire_recursive
 .text.__retarget_lock_release_recursive
                0x0800c43c        0x2 C:/ST/STM32CubeIDE_1.16.1/STM32CubeIDE/plugins/com.st.stm32cube.ide.mcu.externaltools.gnu-tools-for-stm32.12.3.rel1.win32_1.1.0.202410251130/tools/bin/../lib/gcc/arm-none-eabi/12.3.1/../../../../arm-none-eabi/lib/thumb/v7e-m+fp/hard\libc_nano.a(libc_a-lock.o)
                0x0800c43c                __retarget_lock_release_recursive
 .text.memcpy   0x0800c43e       0x1c C:/ST/STM32CubeIDE_1.16.1/STM32CubeIDE/plugins/com.st.stm32cube.ide.mcu.externaltools.gnu-tools-for-stm32.12.3.rel1.win32_1.1.0.202410251130/tools/bin/../lib/gcc/arm-none-eabi/12.3.1/../../../../arm-none-eabi/lib/thumb/v7e-m+fp/hard\libc_nano.a(libc_a-memcpy-stub.o)
                0x0800c43e                memcpy
 *fill*         0x0800c45a        0x2 
 .text._free_r  0x0800c45c       0x94 C:/ST/STM32CubeIDE_1.16.1/STM32CubeIDE/plugins/com.st.stm32cube.ide.mcu.externaltools.gnu-tools-for-stm32.12.3.rel1.win32_1.1.0.202410251130/tools/bin/../lib/gcc/arm-none-eabi/12.3.1/../../../../arm-none-eabi/lib/thumb/v7e-m+fp/hard\libc_nano.a(libc_a-freer.o)
                0x0800c45c                _free_r
 .text.sbrk_aligned
                0x0800c4f0       0x44 C:/ST/STM32CubeIDE_1.16.1/STM32CubeIDE/plugins/com.st.stm32cube.ide.mcu.externaltools.gnu-tools-for-stm32.12.3.rel1.win32_1.1.0.202410251130/tools/bin/../lib/gcc/arm-none-eabi/12.3.1/../../../../arm-none-eabi/lib/thumb/v7e-m+fp/hard\libc_nano.a(libc_a-mallocr.o)
 .text._malloc_r
                0x0800c534      0x100 C:/ST/STM32CubeIDE_1.16.1/STM32CubeIDE/plugins/com.st.stm32cube.ide.mcu.externaltools.gnu-tools-for-stm32.12.3.rel1.win32_1.1.0.202410251130/tools/bin/../lib/gcc/arm-none-eabi/12.3.1/../../../../arm-none-eabi/lib/thumb/v7e-m+fp/hard\libc_nano.a(libc_a-mallocr.o)
                0x0800c534                _malloc_r
 .text.__malloc_lock
                0x0800c634        0xc C:/ST/STM32CubeIDE_1.16.1/STM32CubeIDE/plugins/com.st.stm32cube.ide.mcu.externaltools.gnu-tools-for-stm32.12.3.rel1.win32_1.1.0.202410251130/tools/bin/../lib/gcc/arm-none-eabi/12.3.1/../../../../arm-none-eabi/lib/thumb/v7e-m+fp/hard\libc_nano.a(libc_a-mlock.o)
                0x0800c634                __malloc_lock
 .text.__malloc_unlock
                0x0800c640        0xc C:/ST/STM32CubeIDE_1.16.1/STM32CubeIDE/plugins/com.st.stm32cube.ide.mcu.externaltools.gnu-tools-for-stm32.12.3.rel1.win32_1.1.0.202410251130/tools/bin/../lib/gcc/arm-none-eabi/12.3.1/../../../../arm-none-eabi/lib/thumb/v7e-m+fp/hard\libc_nano.a(libc_a-mlock.o)
                0x0800c640                __malloc_unlock
 .text.__sflush_r
                0x0800c64c      0x108 C:/ST/STM32CubeIDE_1.16.1/STM32CubeIDE/plugins/com.st.stm32cube.ide.mcu.externaltools.gnu-tools-for-stm32.12.3.rel1.win32_1.1.0.202410251130/tools/bin/../lib/gcc/arm-none-eabi/12.3.1/../../../../arm-none-eabi/lib/thumb/v7e-m+fp/hard\libc_nano.a(libc_a-fflush.o)
                0x0800c64c                __sflush_r
 .text._fflush_r
                0x0800c754       0x50 C:/ST/STM32CubeIDE_1.16.1/STM32CubeIDE/plugins/com.st.stm32cube.ide.mcu.externaltools.gnu-tools-for-stm32.12.3.rel1.win32_1.1.0.202410251130/tools/bin/../lib/gcc/arm-none-eabi/12.3.1/../../../../arm-none-eabi/lib/thumb/v7e-m+fp/hard\libc_nano.a(libc_a-fflush.o)
                0x0800c754                _fflush_r
 .text.__swhatbuf_r
                0x0800c7a4       0x4c C:/ST/STM32CubeIDE_1.16.1/STM32CubeIDE/plugins/com.st.stm32cube.ide.mcu.externaltools.gnu-tools-for-stm32.12.3.rel1.win32_1.1.0.202410251130/tools/bin/../lib/gcc/arm-none-eabi/12.3.1/../../../../arm-none-eabi/lib/thumb/v7e-m+fp/hard\libc_nano.a(libc_a-makebuf.o)
                0x0800c7a4                __swhatbuf_r
 .text.__smakebuf_r
                0x0800c7f0       0x78 C:/ST/STM32CubeIDE_1.16.1/STM32CubeIDE/plugins/com.st.stm32cube.ide.mcu.externaltools.gnu-tools-for-stm32.12.3.rel1.win32_1.1.0.202410251130/tools/bin/../lib/gcc/arm-none-eabi/12.3.1/../../../../arm-none-eabi/lib/thumb/v7e-m+fp/hard\libc_nano.a(libc_a-makebuf.o)
                0x0800c7f0                __smakebuf_r
 .text._fstat_r
                0x0800c868       0x24 C:/ST/STM32CubeIDE_1.16.1/STM32CubeIDE/plugins/com.st.stm32cube.ide.mcu.externaltools.gnu-tools-for-stm32.12.3.rel1.win32_1.1.0.202410251130/tools/bin/../lib/gcc/arm-none-eabi/12.3.1/../../../../arm-none-eabi/lib/thumb/v7e-m+fp/hard\libc_nano.a(libc_a-fstatr.o)
                0x0800c868                _fstat_r
 .text._isatty_r
                0x0800c88c       0x20 C:/ST/STM32CubeIDE_1.16.1/STM32CubeIDE/plugins/com.st.stm32cube.ide.mcu.externaltools.gnu-tools-for-stm32.12.3.rel1.win32_1.1.0.202410251130/tools/bin/../lib/gcc/arm-none-eabi/12.3.1/../../../../arm-none-eabi/lib/thumb/v7e-m+fp/hard\libc_nano.a(libc_a-isattyr.o)
                0x0800c88c                _isatty_r
 .text._sbrk_r  0x0800c8ac       0x20 C:/ST/STM32CubeIDE_1.16.1/STM32CubeIDE/plugins/com.st.stm32cube.ide.mcu.externaltools.gnu-tools-for-stm32.12.3.rel1.win32_1.1.0.202410251130/tools/bin/../lib/gcc/arm-none-eabi/12.3.1/../../../../arm-none-eabi/lib/thumb/v7e-m+fp/hard\libc_nano.a(libc_a-sbrkr.o)
                0x0800c8ac                _sbrk_r
 *(.glue_7)
 .glue_7        0x0800c8cc        0x0 linker stubs
 *(.glue_7t)
 .glue_7t       0x0800c8cc        0x0 linker stubs
 *(.eh_frame)
 .eh_frame      0x0800c8cc        0x0 C:/ST/STM32CubeIDE_1.16.1/STM32CubeIDE/plugins/com.st.stm32cube.ide.mcu.externaltools.gnu-tools-for-stm32.12.3.rel1.win32_1.1.0.202410251130/tools/bin/../lib/gcc/arm-none-eabi/12.3.1/thumb/v7e-m+fp/hard/crtbegin.o
 *(.init)
 .init          0x0800c8cc        0x4 C:/ST/STM32CubeIDE_1.16.1/STM32CubeIDE/plugins/com.st.stm32cube.ide.mcu.externaltools.gnu-tools-for-stm32.12.3.rel1.win32_1.1.0.202410251130/tools/bin/../lib/gcc/arm-none-eabi/12.3.1/thumb/v7e-m+fp/hard/crti.o
                0x0800c8cc                _init
 .init          0x0800c8d0        0x8 C:/ST/STM32CubeIDE_1.16.1/STM32CubeIDE/plugins/com.st.stm32cube.ide.mcu.externaltools.gnu-tools-for-stm32.12.3.rel1.win32_1.1.0.202410251130/tools/bin/../lib/gcc/arm-none-eabi/12.3.1/thumb/v7e-m+fp/hard/crtn.o
 *(.fini)
 .fini          0x0800c8d8        0x4 C:/ST/STM32CubeIDE_1.16.1/STM32CubeIDE/plugins/com.st.stm32cube.ide.mcu.externaltools.gnu-tools-for-stm32.12.3.rel1.win32_1.1.0.202410251130/tools/bin/../lib/gcc/arm-none-eabi/12.3.1/thumb/v7e-m+fp/hard/crti.o
                0x0800c8d8                _fini
 .fini          0x0800c8dc        0x8 C:/ST/STM32CubeIDE_1.16.1/STM32CubeIDE/plugins/com.st.stm32cube.ide.mcu.externaltools.gnu-tools-for-stm32.12.3.rel1.win32_1.1.0.202410251130/tools/bin/../lib/gcc/arm-none-eabi/12.3.1/thumb/v7e-m+fp/hard/crtn.o
                0x0800c8e4                        . = ALIGN (0x4)
                0x0800c8e4                        _etext = .

.vfp11_veneer   0x0800c8e4        0x0
 .vfp11_veneer  0x0800c8e4        0x0 linker stubs

.v4_bx          0x0800c8e4        0x0
 .v4_bx         0x0800c8e4        0x0 linker stubs

.iplt           0x0800c8e4        0x0
 .iplt          0x0800c8e4        0x0 C:/ST/STM32CubeIDE_1.16.1/STM32CubeIDE/plugins/com.st.stm32cube.ide.mcu.externaltools.gnu-tools-for-stm32.12.3.rel1.win32_1.1.0.202410251130/tools/bin/../lib/gcc/arm-none-eabi/12.3.1/thumb/v7e-m+fp/hard/crtbegin.o

.rodata         0x0800c8e4       0xe4
                0x0800c8e4                        . = ALIGN (0x4)
 *(.rodata)
 .rodata        0x0800c8e4       0x78 ./Core/Src/main.o
 .rodata        0x0800c95c        0x5 ./FreeRTOS/Source/tasks.o
 *fill*         0x0800c961        0x3 
 .rodata        0x0800c964        0xd ./FreeRTOS/Source/timers.o
 *fill*         0x0800c971        0x3 
 .rodata        0x0800c974       0x3a ./USB_DEVICE/App/usbd_desc.o
 *(.rodata*)
 *fill*         0x0800c9ae        0x2 
 .rodata.AHBPrescTable
                0x0800c9b0       0x10 ./Core/Src/system_stm32f4xx.o
                0x0800c9b0                AHBPrescTable
 .rodata.APBPrescTable
                0x0800c9c0        0x8 ./Core/Src/system_stm32f4xx.o
                0x0800c9c0                APBPrescTable
                0x0800c9c8                        . = ALIGN (0x4)

.ARM.extab      0x0800c9c8        0x0
                0x0800c9c8                        . = ALIGN (0x4)
 *(.ARM.extab* .gnu.linkonce.armextab.*)
                0x0800c9c8                        . = ALIGN (0x4)

.ARM            0x0800c9c8        0x8
                0x0800c9c8                        . = ALIGN (0x4)
                0x0800c9c8                        __exidx_start = .
 *(.ARM.exidx*)
 .ARM.exidx     0x0800c9c8        0x8 C:/ST/STM32CubeIDE_1.16.1/STM32CubeIDE/plugins/com.st.stm32cube.ide.mcu.externaltools.gnu-tools-for-stm32.12.3.rel1.win32_1.1.0.202410251130/tools/bin/../lib/gcc/arm-none-eabi/12.3.1/thumb/v7e-m+fp/hard\libgcc.a(_udivmoddi4.o)
                0x0800c9d0                        __exidx_end = .
                0x0800c9d0                        . = ALIGN (0x4)

.preinit_array  0x0800c9d0        0x0
                0x0800c9d0                        . = ALIGN (0x4)
                0x0800c9d0                        PROVIDE (__preinit_array_start = .)
 *(.preinit_array*)
                0x0800c9d0                        PROVIDE (__preinit_array_end = .)
                0x0800c9d0                        . = ALIGN (0x4)

.init_array     0x0800c9d0        0x4
                0x0800c9d0                        . = ALIGN (0x4)
                0x0800c9d0                        PROVIDE (__init_array_start = .)
 *(SORT_BY_NAME(.init_array.*))
 *(.init_array*)
 .init_array    0x0800c9d0        0x4 C:/ST/STM32CubeIDE_1.16.1/STM32CubeIDE/plugins/com.st.stm32cube.ide.mcu.externaltools.gnu-tools-for-stm32.12.3.rel1.win32_1.1.0.202410251130/tools/bin/../lib/gcc/arm-none-eabi/12.3.1/thumb/v7e-m+fp/hard/crtbegin.o
                0x0800c9d4                        PROVIDE (__init_array_end = .)
                0x0800c9d4                        . = ALIGN (0x4)

.fini_array     0x0800c9d4        0x4
                0x0800c9d4                        . = ALIGN (0x4)
                [!provide]                        PROVIDE (__fini_array_start = .)
 *(SORT_BY_NAME(.fini_array.*))
 *(.fini_array*)
 .fini_array    0x0800c9d4        0x4 C:/ST/STM32CubeIDE_1.16.1/STM32CubeIDE/plugins/com.st.stm32cube.ide.mcu.externaltools.gnu-tools-for-stm32.12.3.rel1.win32_1.1.0.202410251130/tools/bin/../lib/gcc/arm-none-eabi/12.3.1/thumb/v7e-m+fp/hard/crtbegin.o
                [!provide]                        PROVIDE (__fini_array_end = .)
                0x0800c9d8                        . = ALIGN (0x4)
                0x0800c9d8                        _sidata = LOADADDR (.data)

.rel.dyn        0x0800c9d8        0x0
 .rel.iplt      0x0800c9d8        0x0 C:/ST/STM32CubeIDE_1.16.1/STM32CubeIDE/plugins/com.st.stm32cube.ide.mcu.externaltools.gnu-tools-for-stm32.12.3.rel1.win32_1.1.0.202410251130/tools/bin/../lib/gcc/arm-none-eabi/12.3.1/thumb/v7e-m+fp/hard/crtbegin.o

.data           0x20000000      0x160 load address 0x0800c9d8
                0x20000000                        . = ALIGN (0x4)
                0x20000000                        _sdata = .
 *(.data)
 *(.data*)
 .data.SystemCoreClock
                0x20000000        0x4 ./Core/Src/system_stm32f4xx.o
                0x20000000                SystemCoreClock
 .data.uwTickPrio
                0x20000004        0x4 ./Drivers/STM32F4xx_HAL_Driver/Src/stm32f4xx_hal.o
                0x20000004                uwTickPrio
 .data.uwTickFreq
                0x20000008        0x1 ./Drivers/STM32F4xx_HAL_Driver/Src/stm32f4xx_hal.o
                0x20000008                uwTickFreq
 *fill*         0x20000009        0x3 
 .data.uxTopUsedPriority
                0x2000000c        0x4 ./FreeRTOS/Source/tasks.o
                0x2000000c                uxTopUsedPriority
 .data.uxCriticalNesting
                0x20000010        0x4 ./FreeRTOS/Source/portable/GCC/ARM_CM4F/port.o
 .data.USBD_CDC_DeviceQualifierDesc
                0x20000014        0xa ./Middlewares/ST/STM32_USB_Device_Library/Class/CDC/Src/usbd_cdc.o
 *fill*         0x2000001e        0x2 
 .data.USBD_CDC
                0x20000020       0x38 ./Middlewares/ST/STM32_USB_Device_Library/Class/CDC/Src/usbd_cdc.o
                0x20000020                USBD_CDC
 .data.USBD_CDC_CfgDesc
                0x20000058       0x43 ./Middlewares/ST/STM32_USB_Device_Library/Class/CDC/Src/usbd_cdc.o
 .data.CDCInEpAdd
                0x2000009b        0x1 ./Middlewares/ST/STM32_USB_Device_Library/Class/CDC/Src/usbd_cdc.o
 .data.CDCOutEpAdd
                0x2000009c        0x1 ./Middlewares/ST/STM32_USB_Device_Library/Class/CDC/Src/usbd_cdc.o
 .data.CDCCmdEpAdd
                0x2000009d        0x1 ./Middlewares/ST/STM32_USB_Device_Library/Class/CDC/Src/usbd_cdc.o
 *fill*         0x2000009e        0x2 
 .data.USBD_Interface_fops_FS
                0x200000a0       0x14 ./USB_DEVICE/App/usbd_cdc_if.o
                0x200000a0                USBD_Interface_fops_FS
 .data.FS_Desc  0x200000b4       0x1c ./USB_DEVICE/App/usbd_desc.o
                0x200000b4                FS_Desc
 .data.USBD_FS_DeviceDesc
                0x200000d0       0x12 ./USB_DEVICE/App/usbd_desc.o
                0x200000d0                USBD_FS_DeviceDesc
 *fill*         0x200000e2        0x2 
 .data.USBD_LangIDDesc
                0x200000e4        0x4 ./USB_DEVICE/App/usbd_desc.o
                0x200000e4                USBD_LangIDDesc
 .data.USBD_StringSerial
                0x200000e8       0x1a ./USB_DEVICE/App/usbd_desc.o
                0x200000e8                USBD_StringSerial
 *fill*         0x20000102        0x2 
 .data.__sglue  0x20000104        0xc C:/ST/STM32CubeIDE_1.16.1/STM32CubeIDE/plugins/com.st.stm32cube.ide.mcu.externaltools.gnu-tools-for-stm32.12.3.rel1.win32_1.1.0.202410251130/tools/bin/../lib/gcc/arm-none-eabi/12.3.1/../../../../arm-none-eabi/lib/thumb/v7e-m+fp/hard\libc_nano.a(libc_a-findfp.o)
                0x20000104                __sglue
 .data._impure_ptr
                0x20000110        0x4 C:/ST/STM32CubeIDE_1.16.1/STM32CubeIDE/plugins/com.st.stm32cube.ide.mcu.externaltools.gnu-tools-for-stm32.12.3.rel1.win32_1.1.0.202410251130/tools/bin/../lib/gcc/arm-none-eabi/12.3.1/../../../../arm-none-eabi/lib/thumb/v7e-m+fp/hard\libc_nano.a(libc_a-impure.o)
                0x20000110                _impure_ptr
 .data._impure_data
                0x20000114       0x4c C:/ST/STM32CubeIDE_1.16.1/STM32CubeIDE/plugins/com.st.stm32cube.ide.mcu.externaltools.gnu-tools-for-stm32.12.3.rel1.win32_1.1.0.202410251130/tools/bin/../lib/gcc/arm-none-eabi/12.3.1/../../../../arm-none-eabi/lib/thumb/v7e-m+fp/hard\libc_nano.a(libc_a-impure.o)
                0x20000114                _impure_data
 *(.RamFunc)
 *(.RamFunc*)
                0x20000160                        . = ALIGN (0x4)
                0x20000160                        _edata = .

.igot.plt       0x20000160        0x0 load address 0x0800cb38
 .igot.plt      0x20000160        0x0 C:/ST/STM32CubeIDE_1.16.1/STM32CubeIDE/plugins/com.st.stm32cube.ide.mcu.externaltools.gnu-tools-for-stm32.12.3.rel1.win32_1.1.0.202410251130/tools/bin/../lib/gcc/arm-none-eabi/12.3.1/thumb/v7e-m+fp/hard/crtbegin.o
                0x20000160                        . = ALIGN (0x4)

.bss            0x20000160    0x14d28 load address 0x0800cb38
                0x20000160                        _sbss = .
                0x20000160                        __bss_start__ = _sbss
 *(.bss)
 .bss           0x20000160       0x1c C:/ST/STM32CubeIDE_1.16.1/STM32CubeIDE/plugins/com.st.stm32cube.ide.mcu.externaltools.gnu-tools-for-stm32.12.3.rel1.win32_1.1.0.202410251130/tools/bin/../lib/gcc/arm-none-eabi/12.3.1/thumb/v7e-m+fp/hard/crtbegin.o
 *(.bss*)
 .bss.hi2c1     0x2000017c       0x54 ./Core/Src/main.o
                0x2000017c                hi2c1
 .bss.htim3     0x200001d0       0x48 ./Core/Src/main.o
                0x200001d0                htim3
 .bss.htim4     0x20000218       0x48 ./Core/Src/main.o
                0x20000218                htim4
 .bss.huart1    0x20000260       0x48 ./Core/Src/main.o
                0x20000260                huart1
 .bss.TaskSetLcdHandle
                0x200002a8        0x4 ./Core/Src/main.o
                0x200002a8                TaskSetLcdHandle
 .bss.usbRxQueue
                0x200002ac        0x4 ./Core/Src/main.o
                0x200002ac                usbRxQueue
 .bss.sendData  0x200002b0       0x66 ./Core/Src/main.o
                0x200002b0                sendData
 *fill*         0x20000316        0x2 
 .bss.sendMutex
                0x20000318        0x4 ./Core/Src/main.o
                0x20000318                sendMutex
 .bss.reciveData
                0x2000031c       0x20 ./Core/Src/main.o
                0x2000031c                reciveData
 .bss.reciveMutex
                0x2000033c        0x4 ./Core/Src/main.o
                0x2000033c                reciveMutex
 .bss.htim5     0x20000340       0x48 ./Core/Src/stm32f4xx_hal_timebase_tim.o
                0x20000340                htim5
 .bss.__sbrk_heap_end
                0x20000388        0x4 ./Core/Src/sysmem.o
 .bss.uwTick    0x2000038c        0x4 ./Drivers/STM32F4xx_HAL_Driver/Src/stm32f4xx_hal.o
                0x2000038c                uwTick
 .bss.xQueueRegistry
                0x20000390       0x40 ./FreeRTOS/Source/queue.o
                0x20000390                xQueueRegistry
 .bss.pxCurrentTCB
                0x200003d0        0x4 ./FreeRTOS/Source/tasks.o
                0x200003d0                pxCurrentTCB
 .bss.pxReadyTasksLists
                0x200003d4       0x64 ./FreeRTOS/Source/tasks.o
 .bss.xDelayedTaskList1
                0x20000438       0x14 ./FreeRTOS/Source/tasks.o
 .bss.xDelayedTaskList2
                0x2000044c       0x14 ./FreeRTOS/Source/tasks.o
 .bss.pxDelayedTaskList
                0x20000460        0x4 ./FreeRTOS/Source/tasks.o
 .bss.pxOverflowDelayedTaskList
                0x20000464        0x4 ./FreeRTOS/Source/tasks.o
 .bss.xPendingReadyList
                0x20000468       0x14 ./FreeRTOS/Source/tasks.o
 .bss.xTasksWaitingTermination
                0x2000047c       0x14 ./FreeRTOS/Source/tasks.o
 .bss.uxDeletedTasksWaitingCleanUp
                0x20000490        0x4 ./FreeRTOS/Source/tasks.o
 .bss.xSuspendedTaskList
                0x20000494       0x14 ./FreeRTOS/Source/tasks.o
 .bss.uxCurrentNumberOfTasks
                0x200004a8        0x4 ./FreeRTOS/Source/tasks.o
 .bss.xTickCount
                0x200004ac        0x4 ./FreeRTOS/Source/tasks.o
 .bss.uxTopReadyPriority
                0x200004b0        0x4 ./FreeRTOS/Source/tasks.o
 .bss.xSchedulerRunning
                0x200004b4        0x4 ./FreeRTOS/Source/tasks.o
 .bss.xPendedTicks
                0x200004b8        0x4 ./FreeRTOS/Source/tasks.o
 .bss.xYieldPending
                0x200004bc        0x4 ./FreeRTOS/Source/tasks.o
 .bss.xNumOfOverflows
                0x200004c0        0x4 ./FreeRTOS/Source/tasks.o
 .bss.uxTaskNumber
                0x200004c4        0x4 ./FreeRTOS/Source/tasks.o
 .bss.xNextTaskUnblockTime
                0x200004c8        0x4 ./FreeRTOS/Source/tasks.o
 .bss.xIdleTaskHandle
                0x200004cc        0x4 ./FreeRTOS/Source/tasks.o
 .bss.uxSchedulerSuspended
                0x200004d0        0x4 ./FreeRTOS/Source/tasks.o
 .bss.xActiveTimerList1
                0x200004d4       0x14 ./FreeRTOS/Source/timers.o
 .bss.xActiveTimerList2
                0x200004e8       0x14 ./FreeRTOS/Source/timers.o
 .bss.pxCurrentTimerList
                0x200004fc        0x4 ./FreeRTOS/Source/timers.o
 .bss.pxOverflowTimerList
                0x20000500        0x4 ./FreeRTOS/Source/timers.o
 .bss.xTimerQueue
                0x20000504        0x4 ./FreeRTOS/Source/timers.o
 .bss.xTimerTaskHandle
                0x20000508        0x4 ./FreeRTOS/Source/timers.o
 .bss.xLastTime.0
                0x2000050c        0x4 ./FreeRTOS/Source/timers.o
 .bss.ucMaxSysCallPriority
                0x20000510        0x1 ./FreeRTOS/Source/portable/GCC/ARM_CM4F/port.o
 *fill*         0x20000511        0x3 
 .bss.ulMaxPRIGROUPValue
                0x20000514        0x4 ./FreeRTOS/Source/portable/GCC/ARM_CM4F/port.o
 .bss.ucHeap    0x20000518    0x12c00 ./FreeRTOS/Source/portable/MemMang/heap_4.o
 .bss.xStart    0x20013118        0x8 ./FreeRTOS/Source/portable/MemMang/heap_4.o
 .bss.pxEnd     0x20013120        0x4 ./FreeRTOS/Source/portable/MemMang/heap_4.o
 .bss.xFreeBytesRemaining
                0x20013124        0x4 ./FreeRTOS/Source/portable/MemMang/heap_4.o
 .bss.xMinimumEverFreeBytesRemaining
                0x20013128        0x4 ./FreeRTOS/Source/portable/MemMang/heap_4.o
 .bss.xNumberOfSuccessfulAllocations
                0x2001312c        0x4 ./FreeRTOS/Source/portable/MemMang/heap_4.o
 .bss.xNumberOfSuccessfulFrees
                0x20013130        0x4 ./FreeRTOS/Source/portable/MemMang/heap_4.o
 .bss.cfgidx.0  0x20013134        0x1 ./Middlewares/ST/STM32_USB_Device_Library/Core/Src/usbd_ctlreq.o
 *fill*         0x20013135        0x3 
 .bss.hUsbDeviceFS
                0x20013138      0x2dc ./USB_DEVICE/App/usb_device.o
                0x20013138                hUsbDeviceFS
 .bss.packetBuffer
                0x20013414       0x20 ./USB_DEVICE/App/usbd_cdc_if.o
                0x20013414                packetBuffer
 .bss.packetIndex
                0x20013434        0x4 ./USB_DEVICE/App/usbd_cdc_if.o
                0x20013434                packetIndex
 .bss.UserRxBufferFS
                0x20013438      0x800 ./USB_DEVICE/App/usbd_cdc_if.o
                0x20013438                UserRxBufferFS
 .bss.UserTxBufferFS
                0x20013c38      0x800 ./USB_DEVICE/App/usbd_cdc_if.o
                0x20013c38                UserTxBufferFS
 .bss.USBD_StrDesc
                0x20014438      0x200 ./USB_DEVICE/App/usbd_desc.o
                0x20014438                USBD_StrDesc
 .bss.hpcd_USB_OTG_FS
                0x20014638      0x4e4 ./USB_DEVICE/Target/usbd_conf.o
                0x20014638                hpcd_USB_OTG_FS
 .bss.mem.0     0x20014b1c      0x220 ./USB_DEVICE/Target/usbd_conf.o
 .bss.__sf      0x20014d3c      0x138 C:/ST/STM32CubeIDE_1.16.1/STM32CubeIDE/plugins/com.st.stm32cube.ide.mcu.externaltools.gnu-tools-for-stm32.12.3.rel1.win32_1.1.0.202410251130/tools/bin/../lib/gcc/arm-none-eabi/12.3.1/../../../../arm-none-eabi/lib/thumb/v7e-m+fp/hard\libc_nano.a(libc_a-findfp.o)
                0x20014d3c                __sf
 .bss.__stdio_exit_handler
                0x20014e74        0x4 C:/ST/STM32CubeIDE_1.16.1/STM32CubeIDE/plugins/com.st.stm32cube.ide.mcu.externaltools.gnu-tools-for-stm32.12.3.rel1.win32_1.1.0.202410251130/tools/bin/../lib/gcc/arm-none-eabi/12.3.1/../../../../arm-none-eabi/lib/thumb/v7e-m+fp/hard\libc_nano.a(libc_a-findfp.o)
                0x20014e74                __stdio_exit_handler
 .bss.errno     0x20014e78        0x4 C:/ST/STM32CubeIDE_1.16.1/STM32CubeIDE/plugins/com.st.stm32cube.ide.mcu.externaltools.gnu-tools-for-stm32.12.3.rel1.win32_1.1.0.202410251130/tools/bin/../lib/gcc/arm-none-eabi/12.3.1/../../../../arm-none-eabi/lib/thumb/v7e-m+fp/hard\libc_nano.a(libc_a-reent.o)
                0x20014e78                errno
 .bss.__lock___malloc_recursive_mutex
                0x20014e7c        0x1 C:/ST/STM32CubeIDE_1.16.1/STM32CubeIDE/plugins/com.st.stm32cube.ide.mcu.externaltools.gnu-tools-for-stm32.12.3.rel1.win32_1.1.0.202410251130/tools/bin/../lib/gcc/arm-none-eabi/12.3.1/../../../../arm-none-eabi/lib/thumb/v7e-m+fp/hard\libc_nano.a(libc_a-lock.o)
                0x20014e7c                __lock___malloc_recursive_mutex
 .bss.__lock___sfp_recursive_mutex
                0x20014e7d        0x1 C:/ST/STM32CubeIDE_1.16.1/STM32CubeIDE/plugins/com.st.stm32cube.ide.mcu.externaltools.gnu-tools-for-stm32.12.3.rel1.win32_1.1.0.202410251130/tools/bin/../lib/gcc/arm-none-eabi/12.3.1/../../../../arm-none-eabi/lib/thumb/v7e-m+fp/hard\libc_nano.a(libc_a-lock.o)
                0x20014e7d                __lock___sfp_recursive_mutex
 *fill*         0x20014e7e        0x2 
 .bss.__malloc_sbrk_start
                0x20014e80        0x4 C:/ST/STM32CubeIDE_1.16.1/STM32CubeIDE/plugins/com.st.stm32cube.ide.mcu.externaltools.gnu-tools-for-stm32.12.3.rel1.win32_1.1.0.202410251130/tools/bin/../lib/gcc/arm-none-eabi/12.3.1/../../../../arm-none-eabi/lib/thumb/v7e-m+fp/hard\libc_nano.a(libc_a-mallocr.o)
                0x20014e80                __malloc_sbrk_start
 .bss.__malloc_free_list