../Core/Src/main.c:101:6:Task_ReceiveData	56	static,ignoring_inline_asm
../Core/Src/main.c:113:6:Task_SetLCD	136	static
../Core/Src/main.c:135:6:Task_SendData	120	static
../Core/Src/main.c:151:6:Task_ReadGPS	136	static
../Core/Src/main.c:197:5:main	16	static
../Core/Src/main.c:269:6:SystemClock_Config	88	static
../Core/Src/main.c:315:13:MX_I2C1_Init	8	static
../Core/Src/main.c:349:13:MX_TIM3_Init	32	static
../Core/Src/main.c:394:13:MX_TIM4_Init	32	static
../Core/Src/main.c:439:13:MX_USART1_UART_Init	8	static
../Core/Src/main.c:472:13:MX_GPIO_Init	48	static
../Core/Src/main.c:511:6:HAL_TIM_PeriodElapsedCallback	16	static
../Core/Src/main.c:528:6:Error_Handler	4	static,ignoring_inline_asm
